<html>
<body>
<pre>
<h1>µVision Build Log</h1>
<h2>Project:</h2>
C:\Nuvoton\BSP Library\NUC100SeriesBSP_CMSIS_v1.05.003\NuvotonPlatform_Keil\Sample\NUC1xx-LB_002\LED_SEG\Test_GPIO_RGBled.uvproj
Project File Date:  02/13/2014

<h2>Output:</h2>
Rebuild target 'Test_GPIO_RGBled'
creating preprocessor file for core_cm0.c...
compiling core_cm0.c...
creating preprocessor file for system_NUC1xx.c...
compiling system_NUC1xx.c...
creating preprocessor file for Test_GPIO_RGBled.c...
compiling Test_GPIO_RGBled.c...
assembling startup_NUC1xx.s...
creating preprocessor file for retarget.c...
compiling retarget.c...
creating preprocessor file for DrvGPIO.c...
compiling DrvGPIO.c...
creating preprocessor file for DrvSYS.c...
compiling DrvSYS.c...
linking...
Program Size: Code=1428 RO-data=224 RW-data=160 ZI-data=1120  
User command #1: fromelf --bin ".\obj\Test_GPIO_RGBled.axf" --output ".\obj\Test_GPIO_RGBled.bin"
User command #2: fromelf --text -c ".\obj\Test_GPIO_RGBled.axf" --output ".\obj\Test_GPIO_RGBled.txt"
".\obj\Test_GPIO_RGBled.axf" - 0 Error(s), 0 Warning(s).
creating preprocessor file for Test_GPIO_RGBled.c...
compiling Test_GPIO_RGBled.c...
Test_GPIO_RGBled.c - 0 Error(s), 0 Warning(s).
Build target 'Test_GPIO_RGBled'
linking...
Program Size: Code=1428 RO-data=224 RW-data=160 ZI-data=1120  
User command #1: fromelf --bin ".\obj\Test_GPIO_RGBled.axf" --output ".\obj\Test_GPIO_RGBled.bin"
User command #2: fromelf --text -c ".\obj\Test_GPIO_RGBled.axf" --output ".\obj\Test_GPIO_RGBled.txt"
".\obj\Test_GPIO_RGBled.axf" - 0 Error(s), 0 Warning(s).
Rebuild target 'Test_GPIO_RGBled'
creating preprocessor file for core_cm0.c...
compiling core_cm0.c...
creating preprocessor file for system_NUC1xx.c...
compiling system_NUC1xx.c...
creating preprocessor file for Test_GPIO_RGBled.c...
compiling Test_GPIO_RGBled.c...
assembling startup_NUC1xx.s...
creating preprocessor file for retarget.c...
compiling retarget.c...
creating preprocessor file for DrvGPIO.c...
compiling DrvGPIO.c...
creating preprocessor file for DrvSYS.c...
compiling DrvSYS.c...
linking...
Program Size: Code=1428 RO-data=224 RW-data=160 ZI-data=1120  
User command #1: fromelf --bin ".\obj\Test_GPIO_RGBled.axf" --output ".\obj\Test_GPIO_RGBled.bin"
User command #2: fromelf --text -c ".\obj\Test_GPIO_RGBled.axf" --output ".\obj\Test_GPIO_RGBled.txt"
".\obj\Test_GPIO_RGBled.axf" - 0 Error(s), 0 Warning(s).
Load "C:\\Nuvoton\\BSP Library\\NUC100SeriesBSP_CMSIS_v1.05.003\\NuvotonPlatform_Keil\\Sample\\NUC1xx-LB_002\\LED_SEG\\obj\\Test_GPIO_RGBled.AXF" 
