<html>
<body>
<pre>
<h1>µVision Build Log</h1>
<h2>Project:</h2>
C:\Nuvoton\BSP Library\NUC100SeriesBSP_CMSIS_v1.05.003\NuvotonPlatform_Keil\Sample\NUC1xx-LB_002\keyboard\Test_GPIO_RGBled.uvproj
Project File Date:  10/29/2021

<h2>Output:</h2>
creating preprocessor file for Test_GPIO_RGBled.c...
compiling Test_GPIO_RGBled.c...
Test_GPIO_RGBled.c - 0 Error(s), 0 Warning(s).
Build target 'Test_GPIO_RGBled'
linking...
Program Size: Code=1592 RO-data=224 RW-data=108 ZI-data=1172  
User command #1: fromelf --bin ".\obj\Test_GPIO_RGBled.axf" --output ".\obj\Test_GPIO_RGBled.bin"
User command #2: fromelf --text -c ".\obj\Test_GPIO_RGBled.axf" --output ".\obj\Test_GPIO_RGBled.txt"
".\obj\Test_GPIO_RGBled.axf" - 0 Error(s), 0 Warning(s).
Rebuild target 'Test_GPIO_RGBled'
creating preprocessor file for core_cm0.c...
compiling core_cm0.c...
creating preprocessor file for system_NUC1xx.c...
compiling system_NUC1xx.c...
creating preprocessor file for Test_GPIO_RGBled.c...
compiling Test_GPIO_RGBled.c...
assembling startup_NUC1xx.s...
creating preprocessor file for retarget.c...
compiling retarget.c...
creating preprocessor file for DrvGPIO.c...
compiling DrvGPIO.c...
creating preprocessor file for DrvSYS.c...
compiling DrvSYS.c...
linking...
Program Size: Code=1592 RO-data=224 RW-data=108 ZI-data=1172  
User command #1: fromelf --bin ".\obj\Test_GPIO_RGBled.axf" --output ".\obj\Test_GPIO_RGBled.bin"
User command #2: fromelf --text -c ".\obj\Test_GPIO_RGBled.axf" --output ".\obj\Test_GPIO_RGBled.txt"
".\obj\Test_GPIO_RGBled.axf" - 0 Error(s), 0 Warning(s).
Load "C:\\Nuvoton\\BSP Library\\NUC100SeriesBSP_CMSIS_v1.05.003\\NuvotonPlatform_Keil\\Sample\\NUC1xx-LB_002\\keyboard\\obj\\Test_GPIO_RGBled.AXF" 
creating preprocessor file for Test_GPIO_RGBled.c...
compiling Test_GPIO_RGBled.c...
Test_GPIO_RGBled.c(28): error:  #65: expected a ";"
Test_GPIO_RGBled.c(29): error:  #20: identifier "tGPIO_A" is undefined
Test_GPIO_RGBled.c(29): error:  #29: expected an expression
Test_GPIO_RGBled.c(29): error:  #32: expression must have arithmetic type
Test_GPIO_RGBled.c(29): error:  #29: expected an expression
Test_GPIO_RGBled.c(29): error:  #32: expression must have arithmetic type
Test_GPIO_RGBled.c(30): error:  #20: identifier "tGPIO_C" is undefined
Test_GPIO_RGBled.c(30): error:  #29: expected an expression
Test_GPIO_RGBled.c(30): error:  #32: expression must have arithmetic type
Test_GPIO_RGBled.c(30): error:  #29: expected an expression
Test_GPIO_RGBled.c(30): error:  #32: expression must have arithmetic type
Test_GPIO_RGBled.c(31): error:  #20: identifier "tGPIO_E" is undefined
Test_GPIO_RGBled.c(31): error:  #29: expected an expression
Test_GPIO_RGBled.c(31): error:  #32: expression must have arithmetic type
Test_GPIO_RGBled.c(31): error:  #29: expected an expression
Test_GPIO_RGBled.c(31): error:  #32: expression must have arithmetic type
Test_GPIO_RGBled.c(32): error:  #29: expected an expression
Test_GPIO_RGBled.c(32): error:  #32: expression must have arithmetic type
Test_GPIO_RGBled.c - 18 Error(s), 0 Warning(s).
creating preprocessor file for Test_GPIO_RGBled.c...
compiling Test_GPIO_RGBled.c...
Test_GPIO_RGBled.c - 0 Error(s), 0 Warning(s).
Build target 'Test_GPIO_RGBled'
linking...
Program Size: Code=1576 RO-data=224 RW-data=108 ZI-data=1172  
User command #1: fromelf --bin ".\obj\Test_GPIO_RGBled.axf" --output ".\obj\Test_GPIO_RGBled.bin"
User command #2: fromelf --text -c ".\obj\Test_GPIO_RGBled.axf" --output ".\obj\Test_GPIO_RGBled.txt"
".\obj\Test_GPIO_RGBled.axf" - 0 Error(s), 0 Warning(s).
Rebuild target 'Test_GPIO_RGBled'
creating preprocessor file for core_cm0.c...
compiling core_cm0.c...
creating preprocessor file for system_NUC1xx.c...
compiling system_NUC1xx.c...
creating preprocessor file for Test_GPIO_RGBled.c...
compiling Test_GPIO_RGBled.c...
assembling startup_NUC1xx.s...
creating preprocessor file for retarget.c...
compiling retarget.c...
creating preprocessor file for DrvGPIO.c...
compiling DrvGPIO.c...
creating preprocessor file for DrvSYS.c...
compiling DrvSYS.c...
linking...
Program Size: Code=1576 RO-data=224 RW-data=108 ZI-data=1172  
User command #1: fromelf --bin ".\obj\Test_GPIO_RGBled.axf" --output ".\obj\Test_GPIO_RGBled.bin"
User command #2: fromelf --text -c ".\obj\Test_GPIO_RGBled.axf" --output ".\obj\Test_GPIO_RGBled.txt"
".\obj\Test_GPIO_RGBled.axf" - 0 Error(s), 0 Warning(s).
Load "C:\\Nuvoton\\BSP Library\\NUC100SeriesBSP_CMSIS_v1.05.003\\NuvotonPlatform_Keil\\Sample\\NUC1xx-LB_002\\keyboard\\obj\\Test_GPIO_RGBled.AXF" 
creating preprocessor file for Test_GPIO_RGBled.c...
compiling Test_GPIO_RGBled.c...
Test_GPIO_RGBled.c(43): error:  #20: identifier "u32Reg_temp" is undefined
Test_GPIO_RGBled.c(58): error:  #127: expected a statement
Test_GPIO_RGBled.c(71): warning:  #12-D: parsing restarts here after previous syntax error
Test_GPIO_RGBled.c(73): error:  #127: expected a statement
Test_GPIO_RGBled.c(88): warning:  #12-D: parsing restarts here after previous syntax error
Test_GPIO_RGBled.c(90): error:  #127: expected a statement
Test_GPIO_RGBled.c(114): warning:  #12-D: parsing restarts here after previous syntax error
Test_GPIO_RGBled.c - 4 Error(s), 3 Warning(s).
creating preprocessor file for Test_GPIO_RGBled.c...
compiling Test_GPIO_RGBled.c...
Test_GPIO_RGBled.c(58): error:  #127: expected a statement
Test_GPIO_RGBled.c(71): warning:  #12-D: parsing restarts here after previous syntax error
Test_GPIO_RGBled.c(73): error:  #127: expected a statement
Test_GPIO_RGBled.c(88): warning:  #12-D: parsing restarts here after previous syntax error
Test_GPIO_RGBled.c(90): error:  #127: expected a statement
Test_GPIO_RGBled.c(114): warning:  #12-D: parsing restarts here after previous syntax error
Test_GPIO_RGBled.c - 3 Error(s), 3 Warning(s).
creating preprocessor file for Test_GPIO_RGBled.c...
compiling Test_GPIO_RGBled.c...
Test_GPIO_RGBled.c(58): error:  #127: expected a statement
Test_GPIO_RGBled.c(71): warning:  #12-D: parsing restarts here after previous syntax error
Test_GPIO_RGBled.c(73): error:  #127: expected a statement
Test_GPIO_RGBled.c(88): warning:  #12-D: parsing restarts here after previous syntax error
Test_GPIO_RGBled.c(90): error:  #127: expected a statement
Test_GPIO_RGBled.c(114): warning:  #12-D: parsing restarts here after previous syntax error
Test_GPIO_RGBled.c - 3 Error(s), 3 Warning(s).
creating preprocessor file for Test_GPIO_RGBled.c...
compiling Test_GPIO_RGBled.c...
Test_GPIO_RGBled.c(58): error:  #127: expected a statement
Test_GPIO_RGBled.c(71): warning:  #12-D: parsing restarts here after previous syntax error
Test_GPIO_RGBled.c(73): error:  #127: expected a statement
Test_GPIO_RGBled.c(88): warning:  #12-D: parsing restarts here after previous syntax error
Test_GPIO_RGBled.c(90): error:  #127: expected a statement
Test_GPIO_RGBled.c(114): warning:  #12-D: parsing restarts here after previous syntax error
Test_GPIO_RGBled.c - 3 Error(s), 3 Warning(s).
creating preprocessor file for Test_GPIO_RGBled.c...
compiling Test_GPIO_RGBled.c...
Test_GPIO_RGBled.c(58): error:  #127: expected a statement
Test_GPIO_RGBled.c(71): warning:  #12-D: parsing restarts here after previous syntax error
Test_GPIO_RGBled.c(73): error:  #127: expected a statement
Test_GPIO_RGBled.c(88): warning:  #12-D: parsing restarts here after previous syntax error
Test_GPIO_RGBled.c(90): error:  #127: expected a statement
Test_GPIO_RGBled.c(114): warning:  #12-D: parsing restarts here after previous syntax error
Test_GPIO_RGBled.c - 3 Error(s), 3 Warning(s).
creating preprocessor file for Test_GPIO_RGBled.c...
compiling Test_GPIO_RGBled.c...
Test_GPIO_RGBled.c(58): error:  #127: expected a statement
Test_GPIO_RGBled.c(71): warning:  #12-D: parsing restarts here after previous syntax error
Test_GPIO_RGBled.c(73): error:  #127: expected a statement
Test_GPIO_RGBled.c(88): warning:  #12-D: parsing restarts here after previous syntax error
Test_GPIO_RGBled.c(90): error:  #127: expected a statement
Test_GPIO_RGBled.c(114): warning:  #12-D: parsing restarts here after previous syntax error
Test_GPIO_RGBled.c - 3 Error(s), 3 Warning(s).
creating preprocessor file for Test_GPIO_RGBled.c...
compiling Test_GPIO_RGBled.c...
Test_GPIO_RGBled.c - 0 Error(s), 0 Warning(s).
Build target 'Test_GPIO_RGBled'
linking...
Program Size: Code=1528 RO-data=224 RW-data=116 ZI-data=1172  
User command #1: fromelf --bin ".\obj\Test_GPIO_RGBled.axf" --output ".\obj\Test_GPIO_RGBled.bin"
User command #2: fromelf --text -c ".\obj\Test_GPIO_RGBled.axf" --output ".\obj\Test_GPIO_RGBled.txt"
".\obj\Test_GPIO_RGBled.axf" - 0 Error(s), 0 Warning(s).
Rebuild target 'Test_GPIO_RGBled'
creating preprocessor file for core_cm0.c...
compiling core_cm0.c...
creating preprocessor file for system_NUC1xx.c...
compiling system_NUC1xx.c...
creating preprocessor file for Test_GPIO_RGBled.c...
compiling Test_GPIO_RGBled.c...
assembling startup_NUC1xx.s...
creating preprocessor file for retarget.c...
compiling retarget.c...
creating preprocessor file for DrvGPIO.c...
compiling DrvGPIO.c...
creating preprocessor file for DrvSYS.c...
compiling DrvSYS.c...
linking...
Program Size: Code=1528 RO-data=224 RW-data=116 ZI-data=1172  
User command #1: fromelf --bin ".\obj\Test_GPIO_RGBled.axf" --output ".\obj\Test_GPIO_RGBled.bin"
User command #2: fromelf --text -c ".\obj\Test_GPIO_RGBled.axf" --output ".\obj\Test_GPIO_RGBled.txt"
".\obj\Test_GPIO_RGBled.axf" - 0 Error(s), 0 Warning(s).
creating preprocessor file for Test_GPIO_RGBled.c...
compiling Test_GPIO_RGBled.c...
Test_GPIO_RGBled.c - 0 Error(s), 0 Warning(s).
Build target 'Test_GPIO_RGBled'
linking...
Program Size: Code=1528 RO-data=224 RW-data=116 ZI-data=1172  
User command #1: fromelf --bin ".\obj\Test_GPIO_RGBled.axf" --output ".\obj\Test_GPIO_RGBled.bin"
User command #2: fromelf --text -c ".\obj\Test_GPIO_RGBled.axf" --output ".\obj\Test_GPIO_RGBled.txt"
".\obj\Test_GPIO_RGBled.axf" - 0 Error(s), 0 Warning(s).
Rebuild target 'Test_GPIO_RGBled'
creating preprocessor file for core_cm0.c...
compiling core_cm0.c...
creating preprocessor file for system_NUC1xx.c...
compiling system_NUC1xx.c...
creating preprocessor file for Test_GPIO_RGBled.c...
compiling Test_GPIO_RGBled.c...
assembling startup_NUC1xx.s...
creating preprocessor file for retarget.c...
compiling retarget.c...
creating preprocessor file for DrvGPIO.c...
compiling DrvGPIO.c...
creating preprocessor file for DrvSYS.c...
compiling DrvSYS.c...
linking...
Program Size: Code=1528 RO-data=224 RW-data=116 ZI-data=1172  
User command #1: fromelf --bin ".\obj\Test_GPIO_RGBled.axf" --output ".\obj\Test_GPIO_RGBled.bin"
User command #2: fromelf --text -c ".\obj\Test_GPIO_RGBled.axf" --output ".\obj\Test_GPIO_RGBled.txt"
".\obj\Test_GPIO_RGBled.axf" - 0 Error(s), 0 Warning(s).
Load "C:\\Nuvoton\\BSP Library\\NUC100SeriesBSP_CMSIS_v1.05.003\\NuvotonPlatform_Keil\\Sample\\NUC1xx-LB_002\\keyboard\\obj\\Test_GPIO_RGBled.AXF" 
Load "C:\\Nuvoton\\BSP Library\\NUC100SeriesBSP_CMSIS_v1.05.003\\NuvotonPlatform_Keil\\Sample\\NUC1xx-LB_002\\keyboard\\obj\\Test_GPIO_RGBled.AXF" 
Rebuild target 'Test_GPIO_RGBled'
creating preprocessor file for core_cm0.c...
compiling core_cm0.c...
creating preprocessor file for system_NUC1xx.c...
compiling system_NUC1xx.c...
creating preprocessor file for Test_GPIO_RGBled.c...
compiling Test_GPIO_RGBled.c...
assembling startup_NUC1xx.s...
creating preprocessor file for retarget.c...
compiling retarget.c...
creating preprocessor file for DrvGPIO.c...
compiling DrvGPIO.c...
creating preprocessor file for DrvSYS.c...
compiling DrvSYS.c...
linking...
Program Size: Code=1548 RO-data=224 RW-data=116 ZI-data=1172  
User command #1: fromelf --bin ".\obj\Test_GPIO_RGBled.axf" --output ".\obj\Test_GPIO_RGBled.bin"
User command #2: fromelf --text -c ".\obj\Test_GPIO_RGBled.axf" --output ".\obj\Test_GPIO_RGBled.txt"
".\obj\Test_GPIO_RGBled.axf" - 0 Error(s), 0 Warning(s).
Load "C:\\Nuvoton\\BSP Library\\NUC100SeriesBSP_CMSIS_v1.05.003\\NuvotonPlatform_Keil\\Sample\\NUC1xx-LB_002\\keyboard\\obj\\Test_GPIO_RGBled.AXF" 
Rebuild target 'Test_GPIO_RGBled'
creating preprocessor file for core_cm0.c...
compiling core_cm0.c...
creating preprocessor file for system_NUC1xx.c...
compiling system_NUC1xx.c...
creating preprocessor file for Test_GPIO_RGBled.c...
compiling Test_GPIO_RGBled.c...
assembling startup_NUC1xx.s...
creating preprocessor file for retarget.c...
compiling retarget.c...
creating preprocessor file for DrvGPIO.c...
compiling DrvGPIO.c...
creating preprocessor file for DrvSYS.c...
compiling DrvSYS.c...
linking...
Program Size: Code=1548 RO-data=224 RW-data=116 ZI-data=1172  
User command #1: fromelf --bin ".\obj\Test_GPIO_RGBled.axf" --output ".\obj\Test_GPIO_RGBled.bin"
User command #2: fromelf --text -c ".\obj\Test_GPIO_RGBled.axf" --output ".\obj\Test_GPIO_RGBled.txt"
".\obj\Test_GPIO_RGBled.axf" - 0 Error(s), 0 Warning(s).
Load "C:\\Nuvoton\\BSP Library\\NUC100SeriesBSP_CMSIS_v1.05.003\\NuvotonPlatform_Keil\\Sample\\NUC1xx-LB_002\\keyboard\\obj\\Test_GPIO_RGBled.AXF" 
Rebuild target 'Test_GPIO_RGBled'
creating preprocessor file for core_cm0.c...
compiling core_cm0.c...
creating preprocessor file for system_NUC1xx.c...
compiling system_NUC1xx.c...
creating preprocessor file for Test_GPIO_RGBled.c...
compiling Test_GPIO_RGBled.c...
assembling startup_NUC1xx.s...
creating preprocessor file for retarget.c...
compiling retarget.c...
creating preprocessor file for DrvGPIO.c...
compiling DrvGPIO.c...
creating preprocessor file for DrvSYS.c...
compiling DrvSYS.c...
linking...
Program Size: Code=1548 RO-data=224 RW-data=116 ZI-data=1172  
User command #1: fromelf --bin ".\obj\Test_GPIO_RGBled.axf" --output ".\obj\Test_GPIO_RGBled.bin"
User command #2: fromelf --text -c ".\obj\Test_GPIO_RGBled.axf" --output ".\obj\Test_GPIO_RGBled.txt"
".\obj\Test_GPIO_RGBled.axf" - 0 Error(s), 0 Warning(s).
Load "C:\\Nuvoton\\BSP Library\\NUC100SeriesBSP_CMSIS_v1.05.003\\NuvotonPlatform_Keil\\Sample\\NUC1xx-LB_002\\keyboard\\obj\\Test_GPIO_RGBled.AXF" 
Rebuild target 'Test_GPIO_RGBled'
creating preprocessor file for core_cm0.c...
compiling core_cm0.c...
creating preprocessor file for system_NUC1xx.c...
compiling system_NUC1xx.c...
creating preprocessor file for Test_GPIO_RGBled.c...
compiling Test_GPIO_RGBled.c...
assembling startup_NUC1xx.s...
creating preprocessor file for retarget.c...
compiling retarget.c...
creating preprocessor file for DrvGPIO.c...
compiling DrvGPIO.c...
creating preprocessor file for DrvSYS.c...
compiling DrvSYS.c...
linking...
Program Size: Code=1548 RO-data=224 RW-data=116 ZI-data=1172  
User command #1: fromelf --bin ".\obj\Test_GPIO_RGBled.axf" --output ".\obj\Test_GPIO_RGBled.bin"
User command #2: fromelf --text -c ".\obj\Test_GPIO_RGBled.axf" --output ".\obj\Test_GPIO_RGBled.txt"
".\obj\Test_GPIO_RGBled.axf" - 0 Error(s), 0 Warning(s).
Load "C:\\Nuvoton\\BSP Library\\NUC100SeriesBSP_CMSIS_v1.05.003\\NuvotonPlatform_Keil\\Sample\\NUC1xx-LB_002\\keyboard\\obj\\Test_GPIO_RGBled.AXF" 
Rebuild target 'Test_GPIO_RGBled'
creating preprocessor file for core_cm0.c...
compiling core_cm0.c...
creating preprocessor file for system_NUC1xx.c...
compiling system_NUC1xx.c...
creating preprocessor file for Test_GPIO_RGBled.c...
compiling Test_GPIO_RGBled.c...
assembling startup_NUC1xx.s...
creating preprocessor file for retarget.c...
compiling retarget.c...
creating preprocessor file for DrvGPIO.c...
compiling DrvGPIO.c...
creating preprocessor file for DrvSYS.c...
compiling DrvSYS.c...
linking...
Program Size: Code=1548 RO-data=224 RW-data=116 ZI-data=1172  
User command #1: fromelf --bin ".\obj\Test_GPIO_RGBled.axf" --output ".\obj\Test_GPIO_RGBled.bin"
User command #2: fromelf --text -c ".\obj\Test_GPIO_RGBled.axf" --output ".\obj\Test_GPIO_RGBled.txt"
".\obj\Test_GPIO_RGBled.axf" - 0 Error(s), 0 Warning(s).
Load "C:\\Nuvoton\\BSP Library\\NUC100SeriesBSP_CMSIS_v1.05.003\\NuvotonPlatform_Keil\\Sample\\NUC1xx-LB_002\\keyboard\\obj\\Test_GPIO_RGBled.AXF" 
creating preprocessor file for Test_GPIO_RGBled.c...
compiling Test_GPIO_RGBled.c...
Test_GPIO_RGBled.c - 0 Error(s), 0 Warning(s).
Rebuild target 'Test_GPIO_RGBled'
creating preprocessor file for core_cm0.c...
compiling core_cm0.c...
creating preprocessor file for system_NUC1xx.c...
compiling system_NUC1xx.c...
creating preprocessor file for Test_GPIO_RGBled.c...
compiling Test_GPIO_RGBled.c...
assembling startup_NUC1xx.s...
creating preprocessor file for retarget.c...
compiling retarget.c...
creating preprocessor file for DrvGPIO.c...
compiling DrvGPIO.c...
creating preprocessor file for DrvSYS.c...
compiling DrvSYS.c...
linking...
Program Size: Code=1548 RO-data=224 RW-data=116 ZI-data=1172  
User command #1: fromelf --bin ".\obj\Test_GPIO_RGBled.axf" --output ".\obj\Test_GPIO_RGBled.bin"
User command #2: fromelf --text -c ".\obj\Test_GPIO_RGBled.axf" --output ".\obj\Test_GPIO_RGBled.txt"
".\obj\Test_GPIO_RGBled.axf" - 0 Error(s), 0 Warning(s).
Load "C:\\Nuvoton\\BSP Library\\NUC100SeriesBSP_CMSIS_v1.05.003\\NuvotonPlatform_Keil\\Sample\\NUC1xx-LB_002\\keyboard\\obj\\Test_GPIO_RGBled.AXF" 
creating preprocessor file for Test_GPIO_RGBled.c...
compiling Test_GPIO_RGBled.c...
Test_GPIO_RGBled.c(19): error:  #20: identifier "bool" is undefined
Test_GPIO_RGBled.c(19): error:  #20: identifier "false" is undefined
Test_GPIO_RGBled.c(55): error:  #20: identifier "true" is undefined
Test_GPIO_RGBled.c(72): error:  #20: identifier "true" is undefined
Test_GPIO_RGBled.c(91): error:  #20: identifier "true" is undefined
Test_GPIO_RGBled.c(110): error:  #20: identifier "true" is undefined
Test_GPIO_RGBled.c(123): error:  #20: identifier "true" is undefined
Test_GPIO_RGBled.c - 7 Error(s), 0 Warning(s).
Build target 'Test_GPIO_RGBled'
compiling Test_GPIO_RGBled.c...
Test_GPIO_RGBled.c(19): error:  #20: identifier "bool" is undefined
Test_GPIO_RGBled.c(19): error:  #20: identifier "false" is undefined
Test_GPIO_RGBled.c(55): error:  #20: identifier "true" is undefined
Test_GPIO_RGBled.c(72): error:  #20: identifier "true" is undefined
Test_GPIO_RGBled.c(91): error:  #20: identifier "true" is undefined
Test_GPIO_RGBled.c(110): error:  #20: identifier "true" is undefined
Test_GPIO_RGBled.c(123): error:  #20: identifier "true" is undefined
Target not created
Rebuild target 'Test_GPIO_RGBled'
creating preprocessor file for core_cm0.c...
compiling core_cm0.c...
creating preprocessor file for system_NUC1xx.c...
compiling system_NUC1xx.c...
creating preprocessor file for Test_GPIO_RGBled.c...
compiling Test_GPIO_RGBled.c...
Test_GPIO_RGBled.c(19): error:  #20: identifier "bool" is undefined
Test_GPIO_RGBled.c(19): error:  #20: identifier "false" is undefined
Test_GPIO_RGBled.c(55): error:  #20: identifier "true" is undefined
Test_GPIO_RGBled.c(72): error:  #20: identifier "true" is undefined
Test_GPIO_RGBled.c(91): error:  #20: identifier "true" is undefined
Test_GPIO_RGBled.c(110): error:  #20: identifier "true" is undefined
Test_GPIO_RGBled.c(123): error:  #20: identifier "true" is undefined
assembling startup_NUC1xx.s...
creating preprocessor file for retarget.c...
compiling retarget.c...
creating preprocessor file for DrvGPIO.c...
compiling DrvGPIO.c...
creating preprocessor file for DrvSYS.c...
compiling DrvSYS.c...
Target not created
creating preprocessor file for Test_GPIO_RGBled.c...
compiling Test_GPIO_RGBled.c...
Test_GPIO_RGBled.c(41): error:  #20: identifier "bool" is undefined
Test_GPIO_RGBled.c(41): error:  #20: identifier "false" is undefined
Test_GPIO_RGBled.c(57): error:  #20: identifier "true" is undefined
Test_GPIO_RGBled.c(74): error:  #20: identifier "true" is undefined
Test_GPIO_RGBled.c(93): error:  #20: identifier "true" is undefined
Test_GPIO_RGBled.c(112): error:  #20: identifier "true" is undefined
Test_GPIO_RGBled.c(125): error:  #20: identifier "true" is undefined
Test_GPIO_RGBled.c - 7 Error(s), 0 Warning(s).
creating preprocessor file for Test_GPIO_RGBled.c...
compiling Test_GPIO_RGBled.c...
Test_GPIO_RGBled.c(41): error:  #20: identifier "boolean" is undefined
Test_GPIO_RGBled.c(41): error:  #20: identifier "false" is undefined
Test_GPIO_RGBled.c(57): error:  #20: identifier "true" is undefined
Test_GPIO_RGBled.c(74): error:  #20: identifier "true" is undefined
Test_GPIO_RGBled.c(93): error:  #20: identifier "true" is undefined
Test_GPIO_RGBled.c(112): error:  #20: identifier "true" is undefined
Test_GPIO_RGBled.c(125): error:  #20: identifier "true" is undefined
Test_GPIO_RGBled.c - 7 Error(s), 0 Warning(s).
creating preprocessor file for Test_GPIO_RGBled.c...
compiling Test_GPIO_RGBled.c...
Test_GPIO_RGBled.c - 0 Error(s), 0 Warning(s).
Build target 'Test_GPIO_RGBled'
linking...
Program Size: Code=1564 RO-data=224 RW-data=116 ZI-data=1172  
User command #1: fromelf --bin ".\obj\Test_GPIO_RGBled.axf" --output ".\obj\Test_GPIO_RGBled.bin"
User command #2: fromelf --text -c ".\obj\Test_GPIO_RGBled.axf" --output ".\obj\Test_GPIO_RGBled.txt"
".\obj\Test_GPIO_RGBled.axf" - 0 Error(s), 0 Warning(s).
Rebuild target 'Test_GPIO_RGBled'
creating preprocessor file for core_cm0.c...
compiling core_cm0.c...
creating preprocessor file for system_NUC1xx.c...
compiling system_NUC1xx.c...
creating preprocessor file for Test_GPIO_RGBled.c...
compiling Test_GPIO_RGBled.c...
assembling startup_NUC1xx.s...
creating preprocessor file for retarget.c...
compiling retarget.c...
creating preprocessor file for DrvGPIO.c...
compiling DrvGPIO.c...
creating preprocessor file for DrvSYS.c...
compiling DrvSYS.c...
linking...
Program Size: Code=1564 RO-data=224 RW-data=116 ZI-data=1172  
User command #1: fromelf --bin ".\obj\Test_GPIO_RGBled.axf" --output ".\obj\Test_GPIO_RGBled.bin"
User command #2: fromelf --text -c ".\obj\Test_GPIO_RGBled.axf" --output ".\obj\Test_GPIO_RGBled.txt"
".\obj\Test_GPIO_RGBled.axf" - 0 Error(s), 0 Warning(s).
Load "C:\\Nuvoton\\BSP Library\\NUC100SeriesBSP_CMSIS_v1.05.003\\NuvotonPlatform_Keil\\Sample\\NUC1xx-LB_002\\keyboard\\obj\\Test_GPIO_RGBled.AXF" 
Load "C:\\Nuvoton\\BSP Library\\NUC100SeriesBSP_CMSIS_v1.05.003\\NuvotonPlatform_Keil\\Sample\\NUC1xx-LB_002\\keyboard\\obj\\Test_GPIO_RGBled.AXF" 
Load "C:\\Nuvoton\\BSP Library\\NUC100SeriesBSP_CMSIS_v1.05.003\\NuvotonPlatform_Keil\\Sample\\NUC1xx-LB_002\\keyboard\\obj\\Test_GPIO_RGBled.AXF" 
Rebuild target 'Test_GPIO_RGBled'
creating preprocessor file for core_cm0.c...
compiling core_cm0.c...
creating preprocessor file for system_NUC1xx.c...
compiling system_NUC1xx.c...
creating preprocessor file for Test_GPIO_RGBled.c...
compiling Test_GPIO_RGBled.c...
assembling startup_NUC1xx.s...
creating preprocessor file for retarget.c...
compiling retarget.c...
creating preprocessor file for DrvGPIO.c...
compiling DrvGPIO.c...
creating preprocessor file for DrvSYS.c...
compiling DrvSYS.c...
linking...
Program Size: Code=1564 RO-data=224 RW-data=116 ZI-data=1172  
User command #1: fromelf --bin ".\obj\Test_GPIO_RGBled.axf" --output ".\obj\Test_GPIO_RGBled.bin"
User command #2: fromelf --text -c ".\obj\Test_GPIO_RGBled.axf" --output ".\obj\Test_GPIO_RGBled.txt"
".\obj\Test_GPIO_RGBled.axf" - 0 Error(s), 0 Warning(s).
Load "C:\\Nuvoton\\BSP Library\\NUC100SeriesBSP_CMSIS_v1.05.003\\NuvotonPlatform_Keil\\Sample\\NUC1xx-LB_002\\keyboard\\obj\\Test_GPIO_RGBled.AXF" 
Rebuild target 'Test_GPIO_RGBled'
creating preprocessor file for core_cm0.c...
compiling core_cm0.c...
creating preprocessor file for system_NUC1xx.c...
compiling system_NUC1xx.c...
creating preprocessor file for Test_GPIO_RGBled.c...
compiling Test_GPIO_RGBled.c...
assembling startup_NUC1xx.s...
creating preprocessor file for retarget.c...
compiling retarget.c...
creating preprocessor file for DrvGPIO.c...
compiling DrvGPIO.c...
creating preprocessor file for DrvSYS.c...
compiling DrvSYS.c...
linking...
Program Size: Code=1572 RO-data=224 RW-data=116 ZI-data=1172  
User command #1: fromelf --bin ".\obj\Test_GPIO_RGBled.axf" --output ".\obj\Test_GPIO_RGBled.bin"
User command #2: fromelf --text -c ".\obj\Test_GPIO_RGBled.axf" --output ".\obj\Test_GPIO_RGBled.txt"
".\obj\Test_GPIO_RGBled.axf" - 0 Error(s), 0 Warning(s).
Load "C:\\Nuvoton\\BSP Library\\NUC100SeriesBSP_CMSIS_v1.05.003\\NuvotonPlatform_Keil\\Sample\\NUC1xx-LB_002\\keyboard\\obj\\Test_GPIO_RGBled.AXF" 
creating preprocessor file for Test_GPIO_RGBled.c...
compiling Test_GPIO_RGBled.c...
Test_GPIO_RGBled.c(59): error:  #268: declaration may not appear after executable statement in block
Test_GPIO_RGBled.c(60): error:  #20: identifier "coiumn" is undefined
Test_GPIO_RGBled.c(76): error:  #268: declaration may not appear after executable statement in block
Test_GPIO_RGBled.c(77): error:  #20: identifier "coiumn" is undefined
Test_GPIO_RGBled.c(94): error:  #268: declaration may not appear after executable statement in block
Test_GPIO_RGBled.c(95): error:  #20: identifier "coiumn" is undefined
Test_GPIO_RGBled.c(112): error:  #268: declaration may not appear after executable statement in block
Test_GPIO_RGBled.c(113): error:  #20: identifier "coiumn" is undefined
Test_GPIO_RGBled.c(121): error:  #20: identifier "flag" is undefined
Test_GPIO_RGBled.c(155): error: At end of source:  #67: expected a "}"
Test_GPIO_RGBled.c - 10 Error(s), 0 Warning(s).
creating preprocessor file for Test_GPIO_RGBled.c...
compiling Test_GPIO_RGBled.c...
Test_GPIO_RGBled.c(59): error:  #268: declaration may not appear after executable statement in block
Test_GPIO_RGBled.c(59): warning:  #550-D: variable "bling" was set but never used
Test_GPIO_RGBled.c(76): error:  #268: declaration may not appear after executable statement in block
Test_GPIO_RGBled.c(76): warning:  #550-D: variable "bling" was set but never used
Test_GPIO_RGBled.c(94): error:  #268: declaration may not appear after executable statement in block
Test_GPIO_RGBled.c(94): warning:  #550-D: variable "bling" was set but never used
Test_GPIO_RGBled.c(112): error:  #268: declaration may not appear after executable statement in block
Test_GPIO_RGBled.c(112): warning:  #550-D: variable "bling" was set but never used
Test_GPIO_RGBled.c(121): error:  #20: identifier "flag" is undefined
Test_GPIO_RGBled.c(155): error: At end of source:  #67: expected a "}"
Test_GPIO_RGBled.c - 6 Error(s), 4 Warning(s).
creating preprocessor file for Test_GPIO_RGBled.c...
compiling Test_GPIO_RGBled.c...
Test_GPIO_RGBled.c(59): error:  #29: expected an expression
Test_GPIO_RGBled.c(60): error:  #29: expected an expression
Test_GPIO_RGBled.c(61): warning:  #175-D: subscript out of range
Test_GPIO_RGBled.c(61): error:  #29: expected an expression
Test_GPIO_RGBled.c(78): error:  #29: expected an expression
Test_GPIO_RGBled.c(79): error:  #29: expected an expression
Test_GPIO_RGBled.c(80): warning:  #175-D: subscript out of range
Test_GPIO_RGBled.c(80): error:  #29: expected an expression
Test_GPIO_RGBled.c(98): error:  #29: expected an expression
Test_GPIO_RGBled.c(99): error:  #29: expected an expression
Test_GPIO_RGBled.c(100): warning:  #175-D: subscript out of range
Test_GPIO_RGBled.c(100): error:  #29: expected an expression
Test_GPIO_RGBled.c(118): error:  #29: expected an expression
Test_GPIO_RGBled.c(119): error:  #29: expected an expression
Test_GPIO_RGBled.c(120): warning:  #175-D: subscript out of range
Test_GPIO_RGBled.c(120): error:  #29: expected an expression
Test_GPIO_RGBled.c(129): error:  #20: identifier "flag" is undefined
Test_GPIO_RGBled.c(163): error: At end of source:  #67: expected a "}"
Test_GPIO_RGBled.c - 14 Error(s), 4 Warning(s).
creating preprocessor file for Test_GPIO_RGBled.c...
compiling Test_GPIO_RGBled.c...
Test_GPIO_RGBled.c(61): warning:  #175-D: subscript out of range
Test_GPIO_RGBled.c(61): error:  #29: expected an expression
Test_GPIO_RGBled.c(80): warning:  #175-D: subscript out of range
Test_GPIO_RGBled.c(80): error:  #29: expected an expression
Test_GPIO_RGBled.c(100): warning:  #175-D: subscript out of range
Test_GPIO_RGBled.c(100): error:  #29: expected an expression
Test_GPIO_RGBled.c(120): warning:  #175-D: subscript out of range
Test_GPIO_RGBled.c(120): error:  #29: expected an expression
Test_GPIO_RGBled.c(129): error:  #20: identifier "flag" is undefined
Test_GPIO_RGBled.c(163): error: At end of source:  #67: expected a "}"
Test_GPIO_RGBled.c - 6 Error(s), 4 Warning(s).
creating preprocessor file for Test_GPIO_RGBled.c...
compiling Test_GPIO_RGBled.c...
Test_GPIO_RGBled.c(61): error:  #29: expected an expression
Test_GPIO_RGBled.c(80): error:  #29: expected an expression
Test_GPIO_RGBled.c(100): error:  #29: expected an expression
Test_GPIO_RGBled.c(120): error:  #29: expected an expression
Test_GPIO_RGBled.c(129): error:  #20: identifier "flag" is undefined
Test_GPIO_RGBled.c(163): error: At end of source:  #67: expected a "}"
Test_GPIO_RGBled.c - 6 Error(s), 0 Warning(s).
creating preprocessor file for Test_GPIO_RGBled.c...
compiling Test_GPIO_RGBled.c...
Test_GPIO_RGBled.c(129): error:  #20: identifier "flag" is undefined
Test_GPIO_RGBled.c(163): error: At end of source:  #67: expected a "}"
Test_GPIO_RGBled.c - 2 Error(s), 0 Warning(s).
creating preprocessor file for Test_GPIO_RGBled.c...
compiling Test_GPIO_RGBled.c...
Test_GPIO_RGBled.c(163): error: At end of source:  #67: expected a "}"
Test_GPIO_RGBled.c - 1 Error(s), 0 Warning(s).
creating preprocessor file for Test_GPIO_RGBled.c...
compiling Test_GPIO_RGBled.c...
Test_GPIO_RGBled.c(160): error:  #169: expected a declaration
Test_GPIO_RGBled.c - 1 Error(s), 0 Warning(s).
creating preprocessor file for Test_GPIO_RGBled.c...
compiling Test_GPIO_RGBled.c...
Test_GPIO_RGBled.c - 0 Error(s), 0 Warning(s).
creating preprocessor file for Test_GPIO_RGBled.c...
compiling Test_GPIO_RGBled.c...
Test_GPIO_RGBled.c - 0 Error(s), 0 Warning(s).
Build target 'Test_GPIO_RGBled'
linking...
Program Size: Code=2092 RO-data=224 RW-data=120 ZI-data=1216  
User command #1: fromelf --bin ".\obj\Test_GPIO_RGBled.axf" --output ".\obj\Test_GPIO_RGBled.bin"
User command #2: fromelf --text -c ".\obj\Test_GPIO_RGBled.axf" --output ".\obj\Test_GPIO_RGBled.txt"
".\obj\Test_GPIO_RGBled.axf" - 0 Error(s), 0 Warning(s).
Rebuild target 'Test_GPIO_RGBled'
creating preprocessor file for core_cm0.c...
compiling core_cm0.c...
creating preprocessor file for system_NUC1xx.c...
compiling system_NUC1xx.c...
creating preprocessor file for Test_GPIO_RGBled.c...
compiling Test_GPIO_RGBled.c...
assembling startup_NUC1xx.s...
creating preprocessor file for retarget.c...
compiling retarget.c...
creating preprocessor file for DrvGPIO.c...
compiling DrvGPIO.c...
creating preprocessor file for DrvSYS.c...
compiling DrvSYS.c...
linking...
Program Size: Code=2092 RO-data=224 RW-data=120 ZI-data=1216  
User command #1: fromelf --bin ".\obj\Test_GPIO_RGBled.axf" --output ".\obj\Test_GPIO_RGBled.bin"
User command #2: fromelf --text -c ".\obj\Test_GPIO_RGBled.axf" --output ".\obj\Test_GPIO_RGBled.txt"
".\obj\Test_GPIO_RGBled.axf" - 0 Error(s), 0 Warning(s).
Load "C:\\Nuvoton\\BSP Library\\NUC100SeriesBSP_CMSIS_v1.05.003\\NuvotonPlatform_Keil\\Sample\\NUC1xx-LB_002\\keyboard\\obj\\Test_GPIO_RGBled.AXF" 
Rebuild target 'Test_GPIO_RGBled'
creating preprocessor file for core_cm0.c...
compiling core_cm0.c...
creating preprocessor file for system_NUC1xx.c...
compiling system_NUC1xx.c...
creating preprocessor file for Test_GPIO_RGBled.c...
compiling Test_GPIO_RGBled.c...
Test_GPIO_RGBled.c(44): warning:  #550-D: variable "push" was set but never used
Test_GPIO_RGBled.c(137): warning:  #111-D: statement is unreachable
Test_GPIO_RGBled.c(137): error:  #20: identifier "push" is undefined
Test_GPIO_RGBled.c(142): error:  #169: expected a declaration
assembling startup_NUC1xx.s...
creating preprocessor file for retarget.c...
compiling retarget.c...
creating preprocessor file for DrvGPIO.c...
compiling DrvGPIO.c...
creating preprocessor file for DrvSYS.c...
compiling DrvSYS.c...
Target not created
Load "C:\\Nuvoton\\BSP Library\\NUC100SeriesBSP_CMSIS_v1.05.003\\NuvotonPlatform_Keil\\Sample\\NUC1xx-LB_002\\keyboard\\obj\\Test_GPIO_RGBled.AXF" 
_____^
*** error 56: cannot open file
creating preprocessor file for Test_GPIO_RGBled.c...
compiling Test_GPIO_RGBled.c...
Test_GPIO_RGBled.c(44): warning:  #550-D: variable "push" was set but never used
Test_GPIO_RGBled.c(137): warning:  #111-D: statement is unreachable
Test_GPIO_RGBled.c(137): error:  #20: identifier "push" is undefined
Test_GPIO_RGBled.c(142): error:  #169: expected a declaration
Test_GPIO_RGBled.c - 2 Error(s), 2 Warning(s).
creating preprocessor file for Test_GPIO_RGBled.c...
compiling Test_GPIO_RGBled.c...
Test_GPIO_RGBled.c(44): warning:  #550-D: variable "push" was set but never used
Test_GPIO_RGBled.c(137): warning:  #111-D: statement is unreachable
Test_GPIO_RGBled.c(137): error:  #20: identifier "push" is undefined
Test_GPIO_RGBled.c(142): error:  #169: expected a declaration
Test_GPIO_RGBled.c - 2 Error(s), 2 Warning(s).
creating preprocessor file for Test_GPIO_RGBled.c...
compiling Test_GPIO_RGBled.c...
Test_GPIO_RGBled.c(138): warning:  #111-D: statement is unreachable
Test_GPIO_RGBled.c(143): error:  #169: expected a declaration
Test_GPIO_RGBled.c - 1 Error(s), 1 Warning(s).
creating preprocessor file for Test_GPIO_RGBled.c...
compiling Test_GPIO_RGBled.c...
Test_GPIO_RGBled.c(142): error: At end of source:  #67: expected a "}"
Test_GPIO_RGBled.c - 1 Error(s), 0 Warning(s).
creating preprocessor file for Test_GPIO_RGBled.c...
compiling Test_GPIO_RGBled.c...
Test_GPIO_RGBled.c(142): error: At end of source:  #67: expected a "}"
Test_GPIO_RGBled.c - 1 Error(s), 0 Warning(s).
creating preprocessor file for Test_GPIO_RGBled.c...
Test_GPIO_RGBled.c(143): warning:  #1-D: last line of file ends without a newline
compiling Test_GPIO_RGBled.c...
Test_GPIO_RGBled.c(143): warning:  #1-D: last line of file ends without a newline
Test_GPIO_RGBled.c - 0 Error(s), 1 Warning(s).
creating preprocessor file for Test_GPIO_RGBled.c...
compiling Test_GPIO_RGBled.c...
Test_GPIO_RGBled.c - 0 Error(s), 0 Warning(s).
Build target 'Test_GPIO_RGBled'
linking...
Program Size: Code=2004 RO-data=224 RW-data=124 ZI-data=1220  
User command #1: fromelf --bin ".\obj\Test_GPIO_RGBled.axf" --output ".\obj\Test_GPIO_RGBled.bin"
User command #2: fromelf --text -c ".\obj\Test_GPIO_RGBled.axf" --output ".\obj\Test_GPIO_RGBled.txt"
".\obj\Test_GPIO_RGBled.axf" - 0 Error(s), 0 Warning(s).
Rebuild target 'Test_GPIO_RGBled'
creating preprocessor file for core_cm0.c...
compiling core_cm0.c...
creating preprocessor file for system_NUC1xx.c...
compiling system_NUC1xx.c...
creating preprocessor file for Test_GPIO_RGBled.c...
compiling Test_GPIO_RGBled.c...
assembling startup_NUC1xx.s...
creating preprocessor file for retarget.c...
compiling retarget.c...
creating preprocessor file for DrvGPIO.c...
compiling DrvGPIO.c...
creating preprocessor file for DrvSYS.c...
compiling DrvSYS.c...
linking...
Program Size: Code=2004 RO-data=224 RW-data=124 ZI-data=1220  
User command #1: fromelf --bin ".\obj\Test_GPIO_RGBled.axf" --output ".\obj\Test_GPIO_RGBled.bin"
User command #2: fromelf --text -c ".\obj\Test_GPIO_RGBled.axf" --output ".\obj\Test_GPIO_RGBled.txt"
".\obj\Test_GPIO_RGBled.axf" - 0 Error(s), 0 Warning(s).
Load "C:\\Nuvoton\\BSP Library\\NUC100SeriesBSP_CMSIS_v1.05.003\\NuvotonPlatform_Keil\\Sample\\NUC1xx-LB_002\\keyboard\\obj\\Test_GPIO_RGBled.AXF" 
creating preprocessor file for Test_GPIO_RGBled.c...
compiling Test_GPIO_RGBled.c...
Test_GPIO_RGBled.c(127): warning:  #187-D: use of "=" where "==" may have been intended
Test_GPIO_RGBled.c - 0 Error(s), 1 Warning(s).
creating preprocessor file for Test_GPIO_RGBled.c...
compiling Test_GPIO_RGBled.c...
Test_GPIO_RGBled.c - 0 Error(s), 0 Warning(s).
Build target 'Test_GPIO_RGBled'
linking...
Program Size: Code=2124 RO-data=224 RW-data=124 ZI-data=1220  
User command #1: fromelf --bin ".\obj\Test_GPIO_RGBled.axf" --output ".\obj\Test_GPIO_RGBled.bin"
User command #2: fromelf --text -c ".\obj\Test_GPIO_RGBled.axf" --output ".\obj\Test_GPIO_RGBled.txt"
".\obj\Test_GPIO_RGBled.axf" - 0 Error(s), 0 Warning(s).
Rebuild target 'Test_GPIO_RGBled'
creating preprocessor file for core_cm0.c...
compiling core_cm0.c...
creating preprocessor file for system_NUC1xx.c...
compiling system_NUC1xx.c...
creating preprocessor file for Test_GPIO_RGBled.c...
compiling Test_GPIO_RGBled.c...
assembling startup_NUC1xx.s...
creating preprocessor file for retarget.c...
compiling retarget.c...
creating preprocessor file for DrvGPIO.c...
compiling DrvGPIO.c...
creating preprocessor file for DrvSYS.c...
compiling DrvSYS.c...
linking...
Program Size: Code=2124 RO-data=224 RW-data=124 ZI-data=1220  
User command #1: fromelf --bin ".\obj\Test_GPIO_RGBled.axf" --output ".\obj\Test_GPIO_RGBled.bin"
User command #2: fromelf --text -c ".\obj\Test_GPIO_RGBled.axf" --output ".\obj\Test_GPIO_RGBled.txt"
".\obj\Test_GPIO_RGBled.axf" - 0 Error(s), 0 Warning(s).
Load "C:\\Nuvoton\\BSP Library\\NUC100SeriesBSP_CMSIS_v1.05.003\\NuvotonPlatform_Keil\\Sample\\NUC1xx-LB_002\\keyboard\\obj\\Test_GPIO_RGBled.AXF" 
creating preprocessor file for Test_GPIO_RGBled.c...
compiling Test_GPIO_RGBled.c...
Test_GPIO_RGBled.c - 0 Error(s), 0 Warning(s).
Build target 'Test_GPIO_RGBled'
linking...
Program Size: Code=2124 RO-data=224 RW-data=124 ZI-data=1220  
User command #1: fromelf --bin ".\obj\Test_GPIO_RGBled.axf" --output ".\obj\Test_GPIO_RGBled.bin"
User command #2: fromelf --text -c ".\obj\Test_GPIO_RGBled.axf" --output ".\obj\Test_GPIO_RGBled.txt"
".\obj\Test_GPIO_RGBled.axf" - 0 Error(s), 0 Warning(s).
Rebuild target 'Test_GPIO_RGBled'
creating preprocessor file for core_cm0.c...
compiling core_cm0.c...
creating preprocessor file for system_NUC1xx.c...
compiling system_NUC1xx.c...
creating preprocessor file for Test_GPIO_RGBled.c...
compiling Test_GPIO_RGBled.c...
assembling startup_NUC1xx.s...
creating preprocessor file for retarget.c...
compiling retarget.c...
creating preprocessor file for DrvGPIO.c...
compiling DrvGPIO.c...
creating preprocessor file for DrvSYS.c...
compiling DrvSYS.c...
linking...
Program Size: Code=2124 RO-data=224 RW-data=124 ZI-data=1220  
User command #1: fromelf --bin ".\obj\Test_GPIO_RGBled.axf" --output ".\obj\Test_GPIO_RGBled.bin"
User command #2: fromelf --text -c ".\obj\Test_GPIO_RGBled.axf" --output ".\obj\Test_GPIO_RGBled.txt"
".\obj\Test_GPIO_RGBled.axf" - 0 Error(s), 0 Warning(s).
Load "C:\\Nuvoton\\BSP Library\\NUC100SeriesBSP_CMSIS_v1.05.003\\NuvotonPlatform_Keil\\Sample\\NUC1xx-LB_002\\keyboard\\obj\\Test_GPIO_RGBled.AXF" 
Rebuild target 'Test_GPIO_RGBled'
creating preprocessor file for core_cm0.c...
compiling core_cm0.c...
creating preprocessor file for system_NUC1xx.c...
compiling system_NUC1xx.c...
creating preprocessor file for Test_GPIO_RGBled.c...
compiling Test_GPIO_RGBled.c...
assembling startup_NUC1xx.s...
creating preprocessor file for retarget.c...
compiling retarget.c...
creating preprocessor file for DrvGPIO.c...
compiling DrvGPIO.c...
creating preprocessor file for DrvSYS.c...
compiling DrvSYS.c...
linking...
Program Size: Code=2124 RO-data=224 RW-data=124 ZI-data=1220  
User command #1: fromelf --bin ".\obj\Test_GPIO_RGBled.axf" --output ".\obj\Test_GPIO_RGBled.bin"
User command #2: fromelf --text -c ".\obj\Test_GPIO_RGBled.axf" --output ".\obj\Test_GPIO_RGBled.txt"
".\obj\Test_GPIO_RGBled.axf" - 0 Error(s), 0 Warning(s).
Load "C:\\Nuvoton\\BSP Library\\NUC100SeriesBSP_CMSIS_v1.05.003\\NuvotonPlatform_Keil\\Sample\\NUC1xx-LB_002\\keyboard\\obj\\Test_GPIO_RGBled.AXF" 
Rebuild target 'Test_GPIO_RGBled'
creating preprocessor file for core_cm0.c...
compiling core_cm0.c...
creating preprocessor file for system_NUC1xx.c...
compiling system_NUC1xx.c...
creating preprocessor file for Test_GPIO_RGBled.c...
compiling Test_GPIO_RGBled.c...
assembling startup_NUC1xx.s...
creating preprocessor file for retarget.c...
compiling retarget.c...
creating preprocessor file for DrvGPIO.c...
compiling DrvGPIO.c...
creating preprocessor file for DrvSYS.c...
compiling DrvSYS.c...
linking...
Program Size: Code=2120 RO-data=224 RW-data=124 ZI-data=1220  
User command #1: fromelf --bin ".\obj\Test_GPIO_RGBled.axf" --output ".\obj\Test_GPIO_RGBled.bin"
User command #2: fromelf --text -c ".\obj\Test_GPIO_RGBled.axf" --output ".\obj\Test_GPIO_RGBled.txt"
".\obj\Test_GPIO_RGBled.axf" - 0 Error(s), 0 Warning(s).
Load "C:\\Nuvoton\\BSP Library\\NUC100SeriesBSP_CMSIS_v1.05.003\\NuvotonPlatform_Keil\\Sample\\NUC1xx-LB_002\\keyboard\\obj\\Test_GPIO_RGBled.AXF" 
creating preprocessor file for Test_GPIO_RGBled.c...
compiling Test_GPIO_RGBled.c...
Test_GPIO_RGBled.c(152): error:  #20: identifier "count" is undefined
Test_GPIO_RGBled.c - 1 Error(s), 0 Warning(s).
Build target 'Test_GPIO_RGBled'
compiling Test_GPIO_RGBled.c...
Test_GPIO_RGBled.c(152): error:  #20: identifier "count" is undefined
Target not created
Rebuild target 'Test_GPIO_RGBled'
creating preprocessor file for core_cm0.c...
compiling core_cm0.c...
creating preprocessor file for system_NUC1xx.c...
compiling system_NUC1xx.c...
creating preprocessor file for Test_GPIO_RGBled.c...
compiling Test_GPIO_RGBled.c...
Test_GPIO_RGBled.c(152): error:  #20: identifier "count" is undefined
assembling startup_NUC1xx.s...
creating preprocessor file for retarget.c...
compiling retarget.c...
creating preprocessor file for DrvGPIO.c...
compiling DrvGPIO.c...
creating preprocessor file for DrvSYS.c...
compiling DrvSYS.c...
Target not created
Load "C:\\Nuvoton\\BSP Library\\NUC100SeriesBSP_CMSIS_v1.05.003\\NuvotonPlatform_Keil\\Sample\\NUC1xx-LB_002\\keyboard\\obj\\Test_GPIO_RGBled.AXF" 
_____^
*** error 56: cannot open file
Load "C:\\Nuvoton\\BSP Library\\NUC100SeriesBSP_CMSIS_v1.05.003\\NuvotonPlatform_Keil\\Sample\\NUC1xx-LB_002\\keyboard\\obj\\Test_GPIO_RGBled.AXF" 
_____^
*** error 56: cannot open file
creating preprocessor file for Test_GPIO_RGBled.c...
compiling Test_GPIO_RGBled.c...
Test_GPIO_RGBled.c(152): error:  #20: identifier "count" is undefined
Test_GPIO_RGBled.c - 1 Error(s), 0 Warning(s).
creating preprocessor file for Test_GPIO_RGBled.c...
compiling Test_GPIO_RGBled.c...
Test_GPIO_RGBled.c - 0 Error(s), 0 Warning(s).
Build target 'Test_GPIO_RGBled'
linking...
Program Size: Code=2492 RO-data=224 RW-data=128 ZI-data=1216  
User command #1: fromelf --bin ".\obj\Test_GPIO_RGBled.axf" --output ".\obj\Test_GPIO_RGBled.bin"
User command #2: fromelf --text -c ".\obj\Test_GPIO_RGBled.axf" --output ".\obj\Test_GPIO_RGBled.txt"
".\obj\Test_GPIO_RGBled.axf" - 0 Error(s), 0 Warning(s).
Rebuild target 'Test_GPIO_RGBled'
creating preprocessor file for core_cm0.c...
compiling core_cm0.c...
creating preprocessor file for system_NUC1xx.c...
compiling system_NUC1xx.c...
creating preprocessor file for Test_GPIO_RGBled.c...
compiling Test_GPIO_RGBled.c...
assembling startup_NUC1xx.s...
creating preprocessor file for retarget.c...
compiling retarget.c...
creating preprocessor file for DrvGPIO.c...
compiling DrvGPIO.c...
creating preprocessor file for DrvSYS.c...
compiling DrvSYS.c...
linking...
Program Size: Code=2492 RO-data=224 RW-data=128 ZI-data=1216  
User command #1: fromelf --bin ".\obj\Test_GPIO_RGBled.axf" --output ".\obj\Test_GPIO_RGBled.bin"
User command #2: fromelf --text -c ".\obj\Test_GPIO_RGBled.axf" --output ".\obj\Test_GPIO_RGBled.txt"
".\obj\Test_GPIO_RGBled.axf" - 0 Error(s), 0 Warning(s).
Load "C:\\Nuvoton\\BSP Library\\NUC100SeriesBSP_CMSIS_v1.05.003\\NuvotonPlatform_Keil\\Sample\\NUC1xx-LB_002\\keyboard\\obj\\Test_GPIO_RGBled.AXF" 
creating preprocessor file for Test_GPIO_RGBled.c...
compiling Test_GPIO_RGBled.c...
Test_GPIO_RGBled.c - 0 Error(s), 0 Warning(s).
Rebuild target 'Test_GPIO_RGBled'
creating preprocessor file for core_cm0.c...
compiling core_cm0.c...
creating preprocessor file for system_NUC1xx.c...
compiling system_NUC1xx.c...
creating preprocessor file for Test_GPIO_RGBled.c...
compiling Test_GPIO_RGBled.c...
assembling startup_NUC1xx.s...
creating preprocessor file for retarget.c...
compiling retarget.c...
creating preprocessor file for DrvGPIO.c...
compiling DrvGPIO.c...
creating preprocessor file for DrvSYS.c...
compiling DrvSYS.c...
linking...
Program Size: Code=2504 RO-data=224 RW-data=128 ZI-data=1216  
User command #1: fromelf --bin ".\obj\Test_GPIO_RGBled.axf" --output ".\obj\Test_GPIO_RGBled.bin"
User command #2: fromelf --text -c ".\obj\Test_GPIO_RGBled.axf" --output ".\obj\Test_GPIO_RGBled.txt"
".\obj\Test_GPIO_RGBled.axf" - 0 Error(s), 0 Warning(s).
Load "C:\\Nuvoton\\BSP Library\\NUC100SeriesBSP_CMSIS_v1.05.003\\NuvotonPlatform_Keil\\Sample\\NUC1xx-LB_002\\keyboard\\obj\\Test_GPIO_RGBled.AXF" 
Rebuild target 'Test_GPIO_RGBled'
creating preprocessor file for core_cm0.c...
compiling core_cm0.c...
creating preprocessor file for system_NUC1xx.c...
compiling system_NUC1xx.c...
creating preprocessor file for Test_GPIO_RGBled.c...
compiling Test_GPIO_RGBled.c...
assembling startup_NUC1xx.s...
creating preprocessor file for retarget.c...
compiling retarget.c...
creating preprocessor file for DrvGPIO.c...
compiling DrvGPIO.c...
creating preprocessor file for DrvSYS.c...
compiling DrvSYS.c...
linking...
Program Size: Code=2504 RO-data=224 RW-data=128 ZI-data=1216  
User command #1: fromelf --bin ".\obj\Test_GPIO_RGBled.axf" --output ".\obj\Test_GPIO_RGBled.bin"
User command #2: fromelf --text -c ".\obj\Test_GPIO_RGBled.axf" --output ".\obj\Test_GPIO_RGBled.txt"
".\obj\Test_GPIO_RGBled.axf" - 0 Error(s), 0 Warning(s).
Load "C:\\Nuvoton\\BSP Library\\NUC100SeriesBSP_CMSIS_v1.05.003\\NuvotonPlatform_Keil\\Sample\\NUC1xx-LB_002\\keyboard\\obj\\Test_GPIO_RGBled.AXF" 
Rebuild target 'Test_GPIO_RGBled'
creating preprocessor file for core_cm0.c...
compiling core_cm0.c...
creating preprocessor file for system_NUC1xx.c...
compiling system_NUC1xx.c...
creating preprocessor file for Test_GPIO_RGBled.c...
compiling Test_GPIO_RGBled.c...
assembling startup_NUC1xx.s...
creating preprocessor file for retarget.c...
compiling retarget.c...
creating preprocessor file for DrvGPIO.c...
compiling DrvGPIO.c...
creating preprocessor file for DrvSYS.c...
compiling DrvSYS.c...
linking...
Program Size: Code=2512 RO-data=224 RW-data=128 ZI-data=1216  
User command #1: fromelf --bin ".\obj\Test_GPIO_RGBled.axf" --output ".\obj\Test_GPIO_RGBled.bin"
User command #2: fromelf --text -c ".\obj\Test_GPIO_RGBled.axf" --output ".\obj\Test_GPIO_RGBled.txt"
".\obj\Test_GPIO_RGBled.axf" - 0 Error(s), 0 Warning(s).
Load "C:\\Nuvoton\\BSP Library\\NUC100SeriesBSP_CMSIS_v1.05.003\\NuvotonPlatform_Keil\\Sample\\NUC1xx-LB_002\\keyboard\\obj\\Test_GPIO_RGBled.AXF" 
Rebuild target 'Test_GPIO_RGBled'
creating preprocessor file for core_cm0.c...
compiling core_cm0.c...
creating preprocessor file for system_NUC1xx.c...
compiling system_NUC1xx.c...
creating preprocessor file for Test_GPIO_RGBled.c...
compiling Test_GPIO_RGBled.c...
Test_GPIO_RGBled.c(143): error:  #127: expected a statement
Test_GPIO_RGBled.c(150): warning:  #12-D: parsing restarts here after previous syntax error
assembling startup_NUC1xx.s...
creating preprocessor file for retarget.c...
compiling retarget.c...
creating preprocessor file for DrvGPIO.c...
compiling DrvGPIO.c...
creating preprocessor file for DrvSYS.c...
compiling DrvSYS.c...
Target not created
creating preprocessor file for Test_GPIO_RGBled.c...
compiling Test_GPIO_RGBled.c...
Test_GPIO_RGBled.c(143): error:  #127: expected a statement
Test_GPIO_RGBled.c(150): warning:  #12-D: parsing restarts here after previous syntax error
Test_GPIO_RGBled.c - 1 Error(s), 1 Warning(s).
Rebuild target 'Test_GPIO_RGBled'
creating preprocessor file for core_cm0.c...
compiling core_cm0.c...
creating preprocessor file for system_NUC1xx.c...
compiling system_NUC1xx.c...
creating preprocessor file for Test_GPIO_RGBled.c...
compiling Test_GPIO_RGBled.c...
assembling startup_NUC1xx.s...
creating preprocessor file for retarget.c...
compiling retarget.c...
creating preprocessor file for DrvGPIO.c...
compiling DrvGPIO.c...
creating preprocessor file for DrvSYS.c...
compiling DrvSYS.c...
linking...
Program Size: Code=2420 RO-data=224 RW-data=128 ZI-data=1216  
User command #1: fromelf --bin ".\obj\Test_GPIO_RGBled.axf" --output ".\obj\Test_GPIO_RGBled.bin"
User command #2: fromelf --text -c ".\obj\Test_GPIO_RGBled.axf" --output ".\obj\Test_GPIO_RGBled.txt"
".\obj\Test_GPIO_RGBled.axf" - 0 Error(s), 0 Warning(s).
Load "C:\\Nuvoton\\BSP Library\\NUC100SeriesBSP_CMSIS_v1.05.003\\NuvotonPlatform_Keil\\Sample\\NUC1xx-LB_002\\keyboard\\obj\\Test_GPIO_RGBled.AXF" 
Rebuild target 'Test_GPIO_RGBled'
creating preprocessor file for core_cm0.c...
compiling core_cm0.c...
creating preprocessor file for system_NUC1xx.c...
compiling system_NUC1xx.c...
creating preprocessor file for Test_GPIO_RGBled.c...
compiling Test_GPIO_RGBled.c...
assembling startup_NUC1xx.s...
creating preprocessor file for retarget.c...
compiling retarget.c...
creating preprocessor file for DrvGPIO.c...
compiling DrvGPIO.c...
creating preprocessor file for DrvSYS.c...
compiling DrvSYS.c...
linking...
Program Size: Code=2524 RO-data=224 RW-data=128 ZI-data=1216  
User command #1: fromelf --bin ".\obj\Test_GPIO_RGBled.axf" --output ".\obj\Test_GPIO_RGBled.bin"
User command #2: fromelf --text -c ".\obj\Test_GPIO_RGBled.axf" --output ".\obj\Test_GPIO_RGBled.txt"
".\obj\Test_GPIO_RGBled.axf" - 0 Error(s), 0 Warning(s).
Load "C:\\Nuvoton\\BSP Library\\NUC100SeriesBSP_CMSIS_v1.05.003\\NuvotonPlatform_Keil\\Sample\\NUC1xx-LB_002\\keyboard\\obj\\Test_GPIO_RGBled.AXF" 
Rebuild target 'Test_GPIO_RGBled'
creating preprocessor file for core_cm0.c...
compiling core_cm0.c...
creating preprocessor file for system_NUC1xx.c...
compiling system_NUC1xx.c...
creating preprocessor file for Test_GPIO_RGBled.c...
compiling Test_GPIO_RGBled.c...
assembling startup_NUC1xx.s...
creating preprocessor file for retarget.c...
compiling retarget.c...
creating preprocessor file for DrvGPIO.c...
compiling DrvGPIO.c...
creating preprocessor file for DrvSYS.c...
compiling DrvSYS.c...
linking...
Program Size: Code=2528 RO-data=224 RW-data=128 ZI-data=1216  
User command #1: fromelf --bin ".\obj\Test_GPIO_RGBled.axf" --output ".\obj\Test_GPIO_RGBled.bin"
User command #2: fromelf --text -c ".\obj\Test_GPIO_RGBled.axf" --output ".\obj\Test_GPIO_RGBled.txt"
".\obj\Test_GPIO_RGBled.axf" - 0 Error(s), 0 Warning(s).
Load "C:\\Nuvoton\\BSP Library\\NUC100SeriesBSP_CMSIS_v1.05.003\\NuvotonPlatform_Keil\\Sample\\NUC1xx-LB_002\\keyboard\\obj\\Test_GPIO_RGBled.AXF" 
Rebuild target 'Test_GPIO_RGBled'
creating preprocessor file for core_cm0.c...
compiling core_cm0.c...
creating preprocessor file for system_NUC1xx.c...
compiling system_NUC1xx.c...
creating preprocessor file for Test_GPIO_RGBled.c...
compiling Test_GPIO_RGBled.c...
assembling startup_NUC1xx.s...
creating preprocessor file for retarget.c...
compiling retarget.c...
creating preprocessor file for DrvGPIO.c...
compiling DrvGPIO.c...
creating preprocessor file for DrvSYS.c...
compiling DrvSYS.c...
linking...
Program Size: Code=2528 RO-data=224 RW-data=128 ZI-data=1216  
User command #1: fromelf --bin ".\obj\Test_GPIO_RGBled.axf" --output ".\obj\Test_GPIO_RGBled.bin"
User command #2: fromelf --text -c ".\obj\Test_GPIO_RGBled.axf" --output ".\obj\Test_GPIO_RGBled.txt"
".\obj\Test_GPIO_RGBled.axf" - 0 Error(s), 0 Warning(s).
Load "C:\\Nuvoton\\BSP Library\\NUC100SeriesBSP_CMSIS_v1.05.003\\NuvotonPlatform_Keil\\Sample\\NUC1xx-LB_002\\keyboard\\obj\\Test_GPIO_RGBled.AXF" 
Load "C:\\Nuvoton\\BSP Library\\NUC100SeriesBSP_CMSIS_v1.05.003\\NuvotonPlatform_Keil\\Sample\\NUC1xx-LB_002\\keyboard\\obj\\Test_GPIO_RGBled.AXF" 
Load "C:\\Nuvoton\\BSP Library\\NUC100SeriesBSP_CMSIS_v1.05.003\\NuvotonPlatform_Keil\\Sample\\NUC1xx-LB_002\\keyboard\\obj\\Test_GPIO_RGBled.AXF" 
creating preprocessor file for Test_GPIO_RGBled.c...
compiling Test_GPIO_RGBled.c...
Test_GPIO_RGBled.c - 0 Error(s), 0 Warning(s).
Rebuild target 'Test_GPIO_RGBled'
creating preprocessor file for core_cm0.c...
compiling core_cm0.c...
creating preprocessor file for system_NUC1xx.c...
compiling system_NUC1xx.c...
creating preprocessor file for Test_GPIO_RGBled.c...
compiling Test_GPIO_RGBled.c...
assembling startup_NUC1xx.s...
creating preprocessor file for retarget.c...
compiling retarget.c...
creating preprocessor file for DrvGPIO.c...
compiling DrvGPIO.c...
creating preprocessor file for DrvSYS.c...
compiling DrvSYS.c...
linking...
Program Size: Code=2676 RO-data=224 RW-data=136 ZI-data=1216  
User command #1: fromelf --bin ".\obj\Test_GPIO_RGBled.axf" --output ".\obj\Test_GPIO_RGBled.bin"
User command #2: fromelf --text -c ".\obj\Test_GPIO_RGBled.axf" --output ".\obj\Test_GPIO_RGBled.txt"
".\obj\Test_GPIO_RGBled.axf" - 0 Error(s), 0 Warning(s).
Load "C:\\Nuvoton\\BSP Library\\NUC100SeriesBSP_CMSIS_v1.05.003\\NuvotonPlatform_Keil\\Sample\\NUC1xx-LB_002\\keyboard\\obj\\Test_GPIO_RGBled.AXF" 
Rebuild target 'Test_GPIO_RGBled'
creating preprocessor file for core_cm0.c...
compiling core_cm0.c...
creating preprocessor file for system_NUC1xx.c...
compiling system_NUC1xx.c...
creating preprocessor file for Test_GPIO_RGBled.c...
compiling Test_GPIO_RGBled.c...
assembling startup_NUC1xx.s...
creating preprocessor file for retarget.c...
compiling retarget.c...
creating preprocessor file for DrvGPIO.c...
compiling DrvGPIO.c...
creating preprocessor file for DrvSYS.c...
compiling DrvSYS.c...
linking...
Program Size: Code=2676 RO-data=224 RW-data=136 ZI-data=1216  
User command #1: fromelf --bin ".\obj\Test_GPIO_RGBled.axf" --output ".\obj\Test_GPIO_RGBled.bin"
User command #2: fromelf --text -c ".\obj\Test_GPIO_RGBled.axf" --output ".\obj\Test_GPIO_RGBled.txt"
".\obj\Test_GPIO_RGBled.axf" - 0 Error(s), 0 Warning(s).
Load "C:\\Nuvoton\\BSP Library\\NUC100SeriesBSP_CMSIS_v1.05.003\\NuvotonPlatform_Keil\\Sample\\NUC1xx-LB_002\\keyboard\\obj\\Test_GPIO_RGBled.AXF" 
