<html>
<body>
<pre>
<h1>µVision Build Log</h1>
<h2>Project:</h2>
C:\Nuvoton\BSP Library\NUC100SeriesBSP_CMSIS_v1.05.003\NuvotonPlatform_Keil\Sample\NUC1xx-LB_002\keyboard - 2\Test_GPIO_RGBled.uvproj
Project File Date:  10/29/2021

<h2>Output:</h2>
Rebuild target 'Test_GPIO_RGBled'
creating preprocessor file for core_cm0.c...
compiling core_cm0.c...
creating preprocessor file for system_NUC1xx.c...
compiling system_NUC1xx.c...
creating preprocessor file for Test_GPIO_RGBled.c...
compiling Test_GPIO_RGBled.c...
Test_GPIO_RGBled.c(39): warning:  #550-D: variable "tGPIO_A" was set but never used
Test_GPIO_RGBled.c(39): warning:  #550-D: variable "tGPIO_E" was set but never used
assembling startup_NUC1xx.s...
creating preprocessor file for retarget.c...
compiling retarget.c...
creating preprocessor file for DrvGPIO.c...
compiling DrvGPIO.c...
creating preprocessor file for DrvSYS.c...
compiling DrvSYS.c...
linking...
Program Size: Code=700 RO-data=224 RW-data=216 ZI-data=1120  
User command #1: fromelf --bin ".\obj\Test_GPIO_RGBled.axf" --output ".\obj\Test_GPIO_RGBled.bin"
User command #2: fromelf --text -c ".\obj\Test_GPIO_RGBled.axf" --output ".\obj\Test_GPIO_RGBled.txt"
".\obj\Test_GPIO_RGBled.axf" - 0 Error(s), 2 Warning(s).
Load "C:\\Nuvoton\\BSP Library\\NUC100SeriesBSP_CMSIS_v1.05.003\\NuvotonPlatform_Keil\\Sample\\NUC1xx-LB_002\\keyboard - 2\\obj\\Test_GPIO_RGBled.AXF" 
Build target 'Test_GPIO_RGBled'
creating preprocessor file for Test_GPIO_RGBled.c...
compiling Test_GPIO_RGBled.c...
Test_GPIO_RGBled.c(39): warning:  #550-D: variable "tGPIO_A" was set but never used
linking...
Program Size: Code=872 RO-data=224 RW-data=244 ZI-data=1124  
User command #1: fromelf --bin ".\obj\Test_GPIO_RGBled.axf" --output ".\obj\Test_GPIO_RGBled.bin"
User command #2: fromelf --text -c ".\obj\Test_GPIO_RGBled.axf" --output ".\obj\Test_GPIO_RGBled.txt"
".\obj\Test_GPIO_RGBled.axf" - 0 Error(s), 1 Warning(s).
Rebuild target 'Test_GPIO_RGBled'
creating preprocessor file for core_cm0.c...
compiling core_cm0.c...
creating preprocessor file for system_NUC1xx.c...
compiling system_NUC1xx.c...
creating preprocessor file for Test_GPIO_RGBled.c...
compiling Test_GPIO_RGBled.c...
Test_GPIO_RGBled.c(39): warning:  #550-D: variable "tGPIO_A" was set but never used
assembling startup_NUC1xx.s...
creating preprocessor file for retarget.c...
compiling retarget.c...
creating preprocessor file for DrvGPIO.c...
compiling DrvGPIO.c...
creating preprocessor file for DrvSYS.c...
compiling DrvSYS.c...
linking...
Program Size: Code=872 RO-data=224 RW-data=244 ZI-data=1124  
User command #1: fromelf --bin ".\obj\Test_GPIO_RGBled.axf" --output ".\obj\Test_GPIO_RGBled.bin"
User command #2: fromelf --text -c ".\obj\Test_GPIO_RGBled.axf" --output ".\obj\Test_GPIO_RGBled.txt"
".\obj\Test_GPIO_RGBled.axf" - 0 Error(s), 1 Warning(s).
Rebuild target 'Test_GPIO_RGBled'
creating preprocessor file for core_cm0.c...
compiling core_cm0.c...
creating preprocessor file for system_NUC1xx.c...
compiling system_NUC1xx.c...
creating preprocessor file for Test_GPIO_RGBled.c...
compiling Test_GPIO_RGBled.c...
Test_GPIO_RGBled.c(39): warning:  #550-D: variable "tGPIO_A" was set but never used
assembling startup_NUC1xx.s...
creating preprocessor file for retarget.c...
compiling retarget.c...
creating preprocessor file for DrvGPIO.c...
compiling DrvGPIO.c...
creating preprocessor file for DrvSYS.c...
compiling DrvSYS.c...
linking...
Program Size: Code=872 RO-data=224 RW-data=244 ZI-data=1124  
User command #1: fromelf --bin ".\obj\Test_GPIO_RGBled.axf" --output ".\obj\Test_GPIO_RGBled.bin"
User command #2: fromelf --text -c ".\obj\Test_GPIO_RGBled.axf" --output ".\obj\Test_GPIO_RGBled.txt"
".\obj\Test_GPIO_RGBled.axf" - 0 Error(s), 1 Warning(s).
Load "C:\\Nuvoton\\BSP Library\\NUC100SeriesBSP_CMSIS_v1.05.003\\NuvotonPlatform_Keil\\Sample\\NUC1xx-LB_002\\keyboard - 2\\obj\\Test_GPIO_RGBled.AXF" 
Rebuild target 'Test_GPIO_RGBled'
creating preprocessor file for core_cm0.c...
compiling core_cm0.c...
creating preprocessor file for system_NUC1xx.c...
compiling system_NUC1xx.c...
creating preprocessor file for Test_GPIO_RGBled.c...
compiling Test_GPIO_RGBled.c...
Test_GPIO_RGBled.c(39): warning:  #550-D: variable "tGPIO_A" was set but never used
assembling startup_NUC1xx.s...
creating preprocessor file for retarget.c...
compiling retarget.c...
creating preprocessor file for DrvGPIO.c...
compiling DrvGPIO.c...
creating preprocessor file for DrvSYS.c...
compiling DrvSYS.c...
linking...
Program Size: Code=872 RO-data=224 RW-data=244 ZI-data=1124  
User command #1: fromelf --bin ".\obj\Test_GPIO_RGBled.axf" --output ".\obj\Test_GPIO_RGBled.bin"
User command #2: fromelf --text -c ".\obj\Test_GPIO_RGBled.axf" --output ".\obj\Test_GPIO_RGBled.txt"
".\obj\Test_GPIO_RGBled.axf" - 0 Error(s), 1 Warning(s).
Load "C:\\Nuvoton\\BSP Library\\NUC100SeriesBSP_CMSIS_v1.05.003\\NuvotonPlatform_Keil\\Sample\\NUC1xx-LB_002\\keyboard - 2\\obj\\Test_GPIO_RGBled.AXF" 
Rebuild target 'Test_GPIO_RGBled'
creating preprocessor file for core_cm0.c...
compiling core_cm0.c...
creating preprocessor file for system_NUC1xx.c...
compiling system_NUC1xx.c...
creating preprocessor file for Test_GPIO_RGBled.c...
compiling Test_GPIO_RGBled.c...
Test_GPIO_RGBled.c(39): warning:  #550-D: variable "tGPIO_A" was set but never used
assembling startup_NUC1xx.s...
creating preprocessor file for retarget.c...
compiling retarget.c...
creating preprocessor file for DrvGPIO.c...
compiling DrvGPIO.c...
creating preprocessor file for DrvSYS.c...
compiling DrvSYS.c...
linking...
Program Size: Code=872 RO-data=224 RW-data=244 ZI-data=1124  
User command #1: fromelf --bin ".\obj\Test_GPIO_RGBled.axf" --output ".\obj\Test_GPIO_RGBled.bin"
User command #2: fromelf --text -c ".\obj\Test_GPIO_RGBled.axf" --output ".\obj\Test_GPIO_RGBled.txt"
".\obj\Test_GPIO_RGBled.axf" - 0 Error(s), 1 Warning(s).
Load "C:\\Nuvoton\\BSP Library\\NUC100SeriesBSP_CMSIS_v1.05.003\\NuvotonPlatform_Keil\\Sample\\NUC1xx-LB_002\\keyboard - 2\\obj\\Test_GPIO_RGBled.AXF" 
Rebuild target 'Test_GPIO_RGBled'
creating preprocessor file for core_cm0.c...
compiling core_cm0.c...
creating preprocessor file for system_NUC1xx.c...
compiling system_NUC1xx.c...
creating preprocessor file for Test_GPIO_RGBled.c...
compiling Test_GPIO_RGBled.c...
assembling startup_NUC1xx.s...
creating preprocessor file for retarget.c...
compiling retarget.c...
creating preprocessor file for DrvGPIO.c...
compiling DrvGPIO.c...
creating preprocessor file for DrvSYS.c...
compiling DrvSYS.c...
linking...
Program Size: Code=3208 RO-data=224 RW-data=244 ZI-data=1236  
User command #1: fromelf --bin ".\obj\Test_GPIO_RGBled.axf" --output ".\obj\Test_GPIO_RGBled.bin"
User command #2: fromelf --text -c ".\obj\Test_GPIO_RGBled.axf" --output ".\obj\Test_GPIO_RGBled.txt"
".\obj\Test_GPIO_RGBled.axf" - 0 Error(s), 0 Warning(s).
Load "C:\\Nuvoton\\BSP Library\\NUC100SeriesBSP_CMSIS_v1.05.003\\NuvotonPlatform_Keil\\Sample\\NUC1xx-LB_002\\keyboard - 2\\obj\\Test_GPIO_RGBled.AXF" 
Load "C:\\Nuvoton\\BSP Library\\NUC100SeriesBSP_CMSIS_v1.05.003\\NuvotonPlatform_Keil\\Sample\\NUC1xx-LB_002\\keyboard - 2\\obj\\Test_GPIO_RGBled.AXF" 
creating preprocessor file for Test_GPIO_RGBled.c...
compiling Test_GPIO_RGBled.c...
Test_GPIO_RGBled.c(47): error:  #20: identifier "row" is undefined
Test_GPIO_RGBled.c(54): error:  #20: identifier "col_left" is undefined
Test_GPIO_RGBled.c(60): error:  #20: identifier "col_right" is undefined
Test_GPIO_RGBled.c(71): error:  #20: identifier "row" is undefined
Test_GPIO_RGBled.c(78): error:  #20: identifier "col_left" is undefined
Test_GPIO_RGBled.c(84): error:  #20: identifier "col_right" is undefined
Test_GPIO_RGBled.c(105): error:  #20: identifier "row" is undefined
Test_GPIO_RGBled.c(112): error:  #20: identifier "col_left" is undefined
Test_GPIO_RGBled.c(118): error:  #20: identifier "col_right" is undefined
Test_GPIO_RGBled.c(139): error:  #20: identifier "row" is undefined
Test_GPIO_RGBled.c(146): error:  #20: identifier "col_left" is undefined
Test_GPIO_RGBled.c(152): error:  #20: identifier "col_right" is undefined
Test_GPIO_RGBled.c(162): error:  #20: identifier "row" is undefined
Test_GPIO_RGBled.c(172): error:  #20: identifier "col_left" is undefined
Test_GPIO_RGBled.c(182): error:  #20: identifier "col_right" is undefined
Test_GPIO_RGBled.c - 15 Error(s), 0 Warning(s).
creating preprocessor file for Test_GPIO_RGBled.c...
compiling Test_GPIO_RGBled.c...
Test_GPIO_RGBled.c(31): warning:  #550-D: variable "tGPIO_A" was set but never used
Test_GPIO_RGBled.c - 0 Error(s), 1 Warning(s).
Build target 'Test_GPIO_RGBled'
linking...
Program Size: Code=876 RO-data=224 RW-data=244 ZI-data=1124  
User command #1: fromelf --bin ".\obj\Test_GPIO_RGBled.axf" --output ".\obj\Test_GPIO_RGBled.bin"
User command #2: fromelf --text -c ".\obj\Test_GPIO_RGBled.axf" --output ".\obj\Test_GPIO_RGBled.txt"
".\obj\Test_GPIO_RGBled.axf" - 0 Error(s), 0 Warning(s).
Rebuild target 'Test_GPIO_RGBled'
creating preprocessor file for core_cm0.c...
compiling core_cm0.c...
creating preprocessor file for system_NUC1xx.c...
compiling system_NUC1xx.c...
creating preprocessor file for Test_GPIO_RGBled.c...
compiling Test_GPIO_RGBled.c...
Test_GPIO_RGBled.c(31): warning:  #550-D: variable "tGPIO_A" was set but never used
assembling startup_NUC1xx.s...
creating preprocessor file for retarget.c...
compiling retarget.c...
creating preprocessor file for DrvGPIO.c...
compiling DrvGPIO.c...
creating preprocessor file for DrvSYS.c...
compiling DrvSYS.c...
linking...
Program Size: Code=876 RO-data=224 RW-data=244 ZI-data=1124  
User command #1: fromelf --bin ".\obj\Test_GPIO_RGBled.axf" --output ".\obj\Test_GPIO_RGBled.bin"
User command #2: fromelf --text -c ".\obj\Test_GPIO_RGBled.axf" --output ".\obj\Test_GPIO_RGBled.txt"
".\obj\Test_GPIO_RGBled.axf" - 0 Error(s), 1 Warning(s).
Load "C:\\Nuvoton\\BSP Library\\NUC100SeriesBSP_CMSIS_v1.05.003\\NuvotonPlatform_Keil\\Sample\\NUC1xx-LB_002\\keyboard - 2\\obj\\Test_GPIO_RGBled.AXF" 
Rebuild target 'Test_GPIO_RGBled'
creating preprocessor file for core_cm0.c...
compiling core_cm0.c...
creating preprocessor file for system_NUC1xx.c...
compiling system_NUC1xx.c...
creating preprocessor file for Test_GPIO_RGBled.c...
compiling Test_GPIO_RGBled.c...
Test_GPIO_RGBled.c(31): warning:  #550-D: variable "tGPIO_A" was set but never used
assembling startup_NUC1xx.s...
creating preprocessor file for retarget.c...
compiling retarget.c...
creating preprocessor file for DrvGPIO.c...
compiling DrvGPIO.c...
creating preprocessor file for DrvSYS.c...
compiling DrvSYS.c...
linking...
Program Size: Code=876 RO-data=224 RW-data=244 ZI-data=1124  
User command #1: fromelf --bin ".\obj\Test_GPIO_RGBled.axf" --output ".\obj\Test_GPIO_RGBled.bin"
User command #2: fromelf --text -c ".\obj\Test_GPIO_RGBled.axf" --output ".\obj\Test_GPIO_RGBled.txt"
".\obj\Test_GPIO_RGBled.axf" - 0 Error(s), 1 Warning(s).
Load "C:\\Nuvoton\\BSP Library\\NUC100SeriesBSP_CMSIS_v1.05.003\\NuvotonPlatform_Keil\\Sample\\NUC1xx-LB_002\\keyboard - 2\\obj\\Test_GPIO_RGBled.AXF" 
creating preprocessor file for Test_GPIO_RGBled.c...
compiling Test_GPIO_RGBled.c...
Test_GPIO_RGBled.c(31): warning:  #550-D: variable "tGPIO_A" was set but never used
Test_GPIO_RGBled.c - 0 Error(s), 1 Warning(s).
Build target 'Test_GPIO_RGBled'
linking...
Program Size: Code=864 RO-data=224 RW-data=252 ZI-data=1124  
User command #1: fromelf --bin ".\obj\Test_GPIO_RGBled.axf" --output ".\obj\Test_GPIO_RGBled.bin"
User command #2: fromelf --text -c ".\obj\Test_GPIO_RGBled.axf" --output ".\obj\Test_GPIO_RGBled.txt"
".\obj\Test_GPIO_RGBled.axf" - 0 Error(s), 0 Warning(s).
Rebuild target 'Test_GPIO_RGBled'
creating preprocessor file for core_cm0.c...
compiling core_cm0.c...
creating preprocessor file for system_NUC1xx.c...
compiling system_NUC1xx.c...
creating preprocessor file for Test_GPIO_RGBled.c...
compiling Test_GPIO_RGBled.c...
Test_GPIO_RGBled.c(31): warning:  #550-D: variable "tGPIO_A" was set but never used
assembling startup_NUC1xx.s...
creating preprocessor file for retarget.c...
compiling retarget.c...
creating preprocessor file for DrvGPIO.c...
compiling DrvGPIO.c...
creating preprocessor file for DrvSYS.c...
compiling DrvSYS.c...
linking...
Program Size: Code=864 RO-data=224 RW-data=252 ZI-data=1124  
User command #1: fromelf --bin ".\obj\Test_GPIO_RGBled.axf" --output ".\obj\Test_GPIO_RGBled.bin"
User command #2: fromelf --text -c ".\obj\Test_GPIO_RGBled.axf" --output ".\obj\Test_GPIO_RGBled.txt"
".\obj\Test_GPIO_RGBled.axf" - 0 Error(s), 1 Warning(s).
Load "C:\\Nuvoton\\BSP Library\\NUC100SeriesBSP_CMSIS_v1.05.003\\NuvotonPlatform_Keil\\Sample\\NUC1xx-LB_002\\keyboard - 2\\obj\\Test_GPIO_RGBled.AXF" 
Rebuild target 'Test_GPIO_RGBled'
creating preprocessor file for core_cm0.c...
compiling core_cm0.c...
creating preprocessor file for system_NUC1xx.c...
compiling system_NUC1xx.c...
creating preprocessor file for Test_GPIO_RGBled.c...
compiling Test_GPIO_RGBled.c...
Test_GPIO_RGBled.c(31): warning:  #550-D: variable "tGPIO_A" was set but never used
assembling startup_NUC1xx.s...
creating preprocessor file for retarget.c...
compiling retarget.c...
creating preprocessor file for DrvGPIO.c...
compiling DrvGPIO.c...
creating preprocessor file for DrvSYS.c...
compiling DrvSYS.c...
linking...
Program Size: Code=864 RO-data=224 RW-data=252 ZI-data=1124  
User command #1: fromelf --bin ".\obj\Test_GPIO_RGBled.axf" --output ".\obj\Test_GPIO_RGBled.bin"
User command #2: fromelf --text -c ".\obj\Test_GPIO_RGBled.axf" --output ".\obj\Test_GPIO_RGBled.txt"
".\obj\Test_GPIO_RGBled.axf" - 0 Error(s), 1 Warning(s).
Load "C:\\Nuvoton\\BSP Library\\NUC100SeriesBSP_CMSIS_v1.05.003\\NuvotonPlatform_Keil\\Sample\\NUC1xx-LB_002\\keyboard - 2\\obj\\Test_GPIO_RGBled.AXF" 
Rebuild target 'Test_GPIO_RGBled'
creating preprocessor file for core_cm0.c...
compiling core_cm0.c...
creating preprocessor file for system_NUC1xx.c...
compiling system_NUC1xx.c...
creating preprocessor file for Test_GPIO_RGBled.c...
compiling Test_GPIO_RGBled.c...
Test_GPIO_RGBled.c(45): warning:  #175-D: subscript out of range
Test_GPIO_RGBled.c(47): warning:  #175-D: subscript out of range
Test_GPIO_RGBled.c(48): warning:  #175-D: subscript out of range
Test_GPIO_RGBled.c(52): warning:  #175-D: subscript out of range
Test_GPIO_RGBled.c(62): warning:  #175-D: subscript out of range
Test_GPIO_RGBled.c(63): warning:  #175-D: subscript out of range
Test_GPIO_RGBled.c(86): warning:  #175-D: subscript out of range
Test_GPIO_RGBled.c(86): warning:  #175-D: subscript out of range
Test_GPIO_RGBled.c(87): warning:  #175-D: subscript out of range
Test_GPIO_RGBled.c(87): warning:  #175-D: subscript out of range
Test_GPIO_RGBled.c(90): warning:  #175-D: subscript out of range
Test_GPIO_RGBled.c(91): warning:  #175-D: subscript out of range
Test_GPIO_RGBled.c(95): warning:  #175-D: subscript out of range
Test_GPIO_RGBled.c(95): warning:  #175-D: subscript out of range
Test_GPIO_RGBled.c(99): warning:  #175-D: subscript out of range
Test_GPIO_RGBled.c(123): warning:  #175-D: subscript out of range
Test_GPIO_RGBled.c(123): warning:  #175-D: subscript out of range
Test_GPIO_RGBled.c(124): warning:  #175-D: subscript out of range
Test_GPIO_RGBled.c(124): warning:  #175-D: subscript out of range
Test_GPIO_RGBled.c(127): warning:  #175-D: subscript out of range
Test_GPIO_RGBled.c(128): warning:  #175-D: subscript out of range
Test_GPIO_RGBled.c(132): warning:  #175-D: subscript out of range
Test_GPIO_RGBled.c(132): warning:  #175-D: subscript out of range
Test_GPIO_RGBled.c(136): warning:  #175-D: subscript out of range
assembling startup_NUC1xx.s...
creating preprocessor file for retarget.c...
compiling retarget.c...
creating preprocessor file for DrvGPIO.c...
compiling DrvGPIO.c...
creating preprocessor file for DrvSYS.c...
compiling DrvSYS.c...
linking...
Program Size: Code=2176 RO-data=224 RW-data=248 ZI-data=1136  
User command #1: fromelf --bin ".\obj\Test_GPIO_RGBled.axf" --output ".\obj\Test_GPIO_RGBled.bin"
User command #2: fromelf --text -c ".\obj\Test_GPIO_RGBled.axf" --output ".\obj\Test_GPIO_RGBled.txt"
".\obj\Test_GPIO_RGBled.axf" - 0 Error(s), 24 Warning(s).
Load "C:\\Nuvoton\\BSP Library\\NUC100SeriesBSP_CMSIS_v1.05.003\\NuvotonPlatform_Keil\\Sample\\NUC1xx-LB_002\\keyboard - 2\\obj\\Test_GPIO_RGBled.AXF" 
creating preprocessor file for Test_GPIO_RGBled.c...
compiling Test_GPIO_RGBled.c...
Test_GPIO_RGBled.c(45): warning:  #175-D: subscript out of range
Test_GPIO_RGBled.c(47): warning:  #175-D: subscript out of range
Test_GPIO_RGBled.c(48): warning:  #175-D: subscript out of range
Test_GPIO_RGBled.c(52): warning:  #175-D: subscript out of range
Test_GPIO_RGBled.c(62): warning:  #175-D: subscript out of range
Test_GPIO_RGBled.c(63): warning:  #175-D: subscript out of range
Test_GPIO_RGBled.c(86): warning:  #175-D: subscript out of range
Test_GPIO_RGBled.c(86): warning:  #175-D: subscript out of range
Test_GPIO_RGBled.c(87): warning:  #175-D: subscript out of range
Test_GPIO_RGBled.c(87): warning:  #175-D: subscript out of range
Test_GPIO_RGBled.c(90): warning:  #175-D: subscript out of range
Test_GPIO_RGBled.c(91): warning:  #175-D: subscript out of range
Test_GPIO_RGBled.c(95): warning:  #175-D: subscript out of range
Test_GPIO_RGBled.c(95): warning:  #175-D: subscript out of range
Test_GPIO_RGBled.c(99): warning:  #175-D: subscript out of range
Test_GPIO_RGBled.c(123): warning:  #175-D: subscript out of range
Test_GPIO_RGBled.c(123): warning:  #175-D: subscript out of range
Test_GPIO_RGBled.c(124): warning:  #175-D: subscript out of range
Test_GPIO_RGBled.c(124): warning:  #175-D: subscript out of range
Test_GPIO_RGBled.c(127): warning:  #175-D: subscript out of range
Test_GPIO_RGBled.c(128): warning:  #175-D: subscript out of range
Test_GPIO_RGBled.c(132): warning:  #175-D: subscript out of range
Test_GPIO_RGBled.c(132): warning:  #175-D: subscript out of range
Test_GPIO_RGBled.c(136): warning:  #175-D: subscript out of range
Test_GPIO_RGBled.c - 0 Error(s), 24 Warning(s).
Rebuild target 'Test_GPIO_RGBled'
creating preprocessor file for core_cm0.c...
compiling core_cm0.c...
creating preprocessor file for system_NUC1xx.c...
compiling system_NUC1xx.c...
creating preprocessor file for Test_GPIO_RGBled.c...
compiling Test_GPIO_RGBled.c...
Test_GPIO_RGBled.c(86): warning:  #175-D: subscript out of range
Test_GPIO_RGBled.c(86): warning:  #175-D: subscript out of range
Test_GPIO_RGBled.c(87): warning:  #175-D: subscript out of range
Test_GPIO_RGBled.c(87): warning:  #175-D: subscript out of range
Test_GPIO_RGBled.c(90): warning:  #175-D: subscript out of range
Test_GPIO_RGBled.c(91): warning:  #175-D: subscript out of range
assembling startup_NUC1xx.s...
creating preprocessor file for retarget.c...
compiling retarget.c...
creating preprocessor file for DrvGPIO.c...
compiling DrvGPIO.c...
creating preprocessor file for DrvSYS.c...
compiling DrvSYS.c...
linking...
Program Size: Code=2292 RO-data=224 RW-data=248 ZI-data=1136  
User command #1: fromelf --bin ".\obj\Test_GPIO_RGBled.axf" --output ".\obj\Test_GPIO_RGBled.bin"
User command #2: fromelf --text -c ".\obj\Test_GPIO_RGBled.axf" --output ".\obj\Test_GPIO_RGBled.txt"
".\obj\Test_GPIO_RGBled.axf" - 0 Error(s), 6 Warning(s).
creating preprocessor file for Test_GPIO_RGBled.c...
compiling Test_GPIO_RGBled.c...
Test_GPIO_RGBled.c(86): warning:  #175-D: subscript out of range
Test_GPIO_RGBled.c(86): warning:  #175-D: subscript out of range
Test_GPIO_RGBled.c(87): warning:  #175-D: subscript out of range
Test_GPIO_RGBled.c(87): warning:  #175-D: subscript out of range
Test_GPIO_RGBled.c(90): warning:  #175-D: subscript out of range
Test_GPIO_RGBled.c(91): warning:  #175-D: subscript out of range
Test_GPIO_RGBled.c - 0 Error(s), 6 Warning(s).
creating preprocessor file for Test_GPIO_RGBled.c...
compiling Test_GPIO_RGBled.c...
Test_GPIO_RGBled.c - 0 Error(s), 0 Warning(s).
Rebuild target 'Test_GPIO_RGBled'
creating preprocessor file for core_cm0.c...
compiling core_cm0.c...
creating preprocessor file for system_NUC1xx.c...
compiling system_NUC1xx.c...
creating preprocessor file for Test_GPIO_RGBled.c...
compiling Test_GPIO_RGBled.c...
assembling startup_NUC1xx.s...
creating preprocessor file for retarget.c...
compiling retarget.c...
creating preprocessor file for DrvGPIO.c...
compiling DrvGPIO.c...
creating preprocessor file for DrvSYS.c...
compiling DrvSYS.c...
linking...
Program Size: Code=2316 RO-data=224 RW-data=248 ZI-data=1136  
User command #1: fromelf --bin ".\obj\Test_GPIO_RGBled.axf" --output ".\obj\Test_GPIO_RGBled.bin"
User command #2: fromelf --text -c ".\obj\Test_GPIO_RGBled.axf" --output ".\obj\Test_GPIO_RGBled.txt"
".\obj\Test_GPIO_RGBled.axf" - 0 Error(s), 0 Warning(s).
Load "C:\\Nuvoton\\BSP Library\\NUC100SeriesBSP_CMSIS_v1.05.003\\NuvotonPlatform_Keil\\Sample\\NUC1xx-LB_002\\keyboard - 2\\obj\\Test_GPIO_RGBled.AXF" 
Rebuild target 'Test_GPIO_RGBled'
creating preprocessor file for core_cm0.c...
compiling core_cm0.c...
creating preprocessor file for system_NUC1xx.c...
compiling system_NUC1xx.c...
creating preprocessor file for Test_GPIO_RGBled.c...
compiling Test_GPIO_RGBled.c...
assembling startup_NUC1xx.s...
creating preprocessor file for retarget.c...
compiling retarget.c...
creating preprocessor file for DrvGPIO.c...
compiling DrvGPIO.c...
creating preprocessor file for DrvSYS.c...
compiling DrvSYS.c...
linking...
Program Size: Code=2332 RO-data=224 RW-data=248 ZI-data=1136  
User command #1: fromelf --bin ".\obj\Test_GPIO_RGBled.axf" --output ".\obj\Test_GPIO_RGBled.bin"
User command #2: fromelf --text -c ".\obj\Test_GPIO_RGBled.axf" --output ".\obj\Test_GPIO_RGBled.txt"
".\obj\Test_GPIO_RGBled.axf" - 0 Error(s), 0 Warning(s).
Load "C:\\Nuvoton\\BSP Library\\NUC100SeriesBSP_CMSIS_v1.05.003\\NuvotonPlatform_Keil\\Sample\\NUC1xx-LB_002\\keyboard - 2\\obj\\Test_GPIO_RGBled.AXF" 
Rebuild target 'Test_GPIO_RGBled'
creating preprocessor file for core_cm0.c...
compiling core_cm0.c...
creating preprocessor file for system_NUC1xx.c...
compiling system_NUC1xx.c...
creating preprocessor file for Test_GPIO_RGBled.c...
compiling Test_GPIO_RGBled.c...
assembling startup_NUC1xx.s...
creating preprocessor file for retarget.c...
compiling retarget.c...
creating preprocessor file for DrvGPIO.c...
compiling DrvGPIO.c...
creating preprocessor file for DrvSYS.c...
compiling DrvSYS.c...
linking...
Program Size: Code=2356 RO-data=224 RW-data=248 ZI-data=1136  
User command #1: fromelf --bin ".\obj\Test_GPIO_RGBled.axf" --output ".\obj\Test_GPIO_RGBled.bin"
User command #2: fromelf --text -c ".\obj\Test_GPIO_RGBled.axf" --output ".\obj\Test_GPIO_RGBled.txt"
".\obj\Test_GPIO_RGBled.axf" - 0 Error(s), 0 Warning(s).
Load "C:\\Nuvoton\\BSP Library\\NUC100SeriesBSP_CMSIS_v1.05.003\\NuvotonPlatform_Keil\\Sample\\NUC1xx-LB_002\\keyboard - 2\\obj\\Test_GPIO_RGBled.AXF" 
Rebuild target 'Test_GPIO_RGBled'
creating preprocessor file for core_cm0.c...
compiling core_cm0.c...
creating preprocessor file for system_NUC1xx.c...
compiling system_NUC1xx.c...
creating preprocessor file for Test_GPIO_RGBled.c...
compiling Test_GPIO_RGBled.c...
assembling startup_NUC1xx.s...
creating preprocessor file for retarget.c...
compiling retarget.c...
creating preprocessor file for DrvGPIO.c...
compiling DrvGPIO.c...
creating preprocessor file for DrvSYS.c...
compiling DrvSYS.c...
linking...
Program Size: Code=2356 RO-data=224 RW-data=248 ZI-data=1136  
User command #1: fromelf --bin ".\obj\Test_GPIO_RGBled.axf" --output ".\obj\Test_GPIO_RGBled.bin"
User command #2: fromelf --text -c ".\obj\Test_GPIO_RGBled.axf" --output ".\obj\Test_GPIO_RGBled.txt"
".\obj\Test_GPIO_RGBled.axf" - 0 Error(s), 0 Warning(s).
Load "C:\\Nuvoton\\BSP Library\\NUC100SeriesBSP_CMSIS_v1.05.003\\NuvotonPlatform_Keil\\Sample\\NUC1xx-LB_002\\keyboard - 2\\obj\\Test_GPIO_RGBled.AXF" 
Rebuild target 'Test_GPIO_RGBled'
creating preprocessor file for core_cm0.c...
compiling core_cm0.c...
creating preprocessor file for system_NUC1xx.c...
compiling system_NUC1xx.c...
creating preprocessor file for Test_GPIO_RGBled.c...
compiling Test_GPIO_RGBled.c...
assembling startup_NUC1xx.s...
creating preprocessor file for retarget.c...
compiling retarget.c...
creating preprocessor file for DrvGPIO.c...
compiling DrvGPIO.c...
creating preprocessor file for DrvSYS.c...
compiling DrvSYS.c...
linking...
Program Size: Code=2360 RO-data=224 RW-data=248 ZI-data=1136  
User command #1: fromelf --bin ".\obj\Test_GPIO_RGBled.axf" --output ".\obj\Test_GPIO_RGBled.bin"
User command #2: fromelf --text -c ".\obj\Test_GPIO_RGBled.axf" --output ".\obj\Test_GPIO_RGBled.txt"
".\obj\Test_GPIO_RGBled.axf" - 0 Error(s), 0 Warning(s).
Load "C:\\Nuvoton\\BSP Library\\NUC100SeriesBSP_CMSIS_v1.05.003\\NuvotonPlatform_Keil\\Sample\\NUC1xx-LB_002\\keyboard - 2\\obj\\Test_GPIO_RGBled.AXF" 
Rebuild target 'Test_GPIO_RGBled'
creating preprocessor file for core_cm0.c...
compiling core_cm0.c...
creating preprocessor file for system_NUC1xx.c...
compiling system_NUC1xx.c...
creating preprocessor file for Test_GPIO_RGBled.c...
compiling Test_GPIO_RGBled.c...
assembling startup_NUC1xx.s...
creating preprocessor file for retarget.c...
compiling retarget.c...
creating preprocessor file for DrvGPIO.c...
compiling DrvGPIO.c...
creating preprocessor file for DrvSYS.c...
compiling DrvSYS.c...
linking...
Program Size: Code=2360 RO-data=224 RW-data=248 ZI-data=1136  
User command #1: fromelf --bin ".\obj\Test_GPIO_RGBled.axf" --output ".\obj\Test_GPIO_RGBled.bin"
User command #2: fromelf --text -c ".\obj\Test_GPIO_RGBled.axf" --output ".\obj\Test_GPIO_RGBled.txt"
".\obj\Test_GPIO_RGBled.axf" - 0 Error(s), 0 Warning(s).
Load "C:\\Nuvoton\\BSP Library\\NUC100SeriesBSP_CMSIS_v1.05.003\\NuvotonPlatform_Keil\\Sample\\NUC1xx-LB_002\\keyboard - 2\\obj\\Test_GPIO_RGBled.AXF" 
